Archive member included to satisfy reference by file (symbol)

c:/Espressif/ESP8266_SDK/lib\libmain.a(debug-vector.o)
                              (_DebugExceptionVector)
c:/Espressif/ESP8266_SDK/lib\libmain.a(double-vector.o)
                              (_DoubleExceptionVector)
c:/Espressif/ESP8266_SDK/lib\libmain.a(kernel-vector.o)
                              (_KernelExceptionVector)
c:/Espressif/ESP8266_SDK/lib\libmain.a(nmi-vector.o)
                              (_NMIExceptionVector)
c:/Espressif/ESP8266_SDK/lib\libmain.a(user-vector.o)
                              (_UserExceptionVector)
c:/Espressif/ESP8266_SDK/lib\libmain.a(vector.o)
                              (call_user_start)
c:/Espressif/ESP8266_SDK/lib\libmain.a(app_main.o)
                              c:/Espressif/ESP8266_SDK/lib\libmain.a(nmi-vector.o) (NMI_Handler)
c:/Espressif/ESP8266_SDK/lib\libmain.a(ets_timer.o)
                              c:/Espressif/ESP8266_SDK/lib\libmain.a(app_main.o) (ets_timer_setfn)
c:/Espressif/ESP8266_SDK/lib\libmain.a(mem_manager.o)
                              c:/Espressif/ESP8266_SDK/lib\libmain.a(app_main.o) (vPortFree)
c:/Espressif/ESP8266_SDK/lib\libmain.a(spi_flash.o)
                              c:/Espressif/ESP8266_SDK/lib\libmain.a(app_main.o) (spi_flash_get_id)
c:/Espressif/ESP8266_SDK/lib\libmain.a(user_interface.o)
                              c:/Espressif/ESP8266_SDK/lib\libmain.a(app_main.o) (done_cb)
c:/Espressif/ESP8266_SDK/lib\libmain.a(eagle_lib.o)
                              c:/Espressif/ESP8266_SDK/lib\libmain.a(user_interface.o) (ets_sprintf)
c:/Espressif/ESP8266_SDK/lib\libmain.a(eagle_lwip_if.o)
                              c:/Espressif/ESP8266_SDK/lib\libmain.a(user_interface.o) (hostname)
c:/Espressif/Sming/Sming/compiler/lib/\libsming.a(crash_handler.o)
                              c:/Espressif/ESP8266_SDK/lib\libmain.a(app_main.o) (__wrap_system_restart_local)
c:/Espressif/Sming/Sming/compiler/lib/\libsming.a(user_main.o)
                              c:/Espressif/ESP8266_SDK/lib\libmain.a(app_main.o) (user_init)
c:/Espressif/Sming/Sming/compiler/lib/\libsming.a(System.o)
                              c:/Espressif/Sming/Sming/compiler/lib/\libsming.a(user_main.o) (SystemClass::initialize())
c:/Espressif/Sming/Sming/compiler/lib/\libsming.a(gdbstub.o)
                              c:/Espressif/Sming/Sming/compiler/lib/\libsming.a(user_main.o) (gdbstub_init)
c:/Espressif/Sming/Sming/compiler/lib/\libsming.a(esp_cplusplus.o)
                              c:/Espressif/Sming/Sming/compiler/lib/\libsming.a(user_main.o) (cpp_core_initialize)
c:/Espressif/Sming/Sming/compiler/lib/\libsming.a(m_printf.o)
                              c:/Espressif/Sming/Sming/compiler/lib/\libsming.a(esp_cplusplus.o) (m_printf)
c:/Espressif/Sming/Sming/compiler/lib/\libsming.a(stringconversion.o)
                              c:/Espressif/Sming/Sming/compiler/lib/\libsming.a(m_printf.o) (ltoa_wp)
c:/Espressif/Sming/Sming/compiler/lib/\libsming.a(IPAddress.o)
                              c:/Espressif/Sming/Sming/compiler/lib/\libsming.a(user_main.o) (IPAddress::IPAddress(unsigned char, unsigned char, unsigned char, unsigned char))
c:/Espressif/Sming/Sming/compiler/lib/\libsming.a(Print.o)
                              c:/Espressif/Sming/Sming/compiler/lib/\libsming.a(IPAddress.o) (Print::print(char))
c:/Espressif/Sming/Sming/compiler/lib/\libsming.a(WString.o)
                              c:/Espressif/Sming/Sming/compiler/lib/\libsming.a(IPAddress.o) (String::~String())
c:/Espressif/Sming/Sming/compiler/lib/\libsming.a(gdbstub-entry.o)
                              c:/Espressif/Sming/Sming/compiler/lib/\libsming.a(gdbstub.o) (gdbstub_save_extra_sfrs_for_exception)
c:/Espressif/Sming/Sming/compiler/lib/\libsming.a(FakePgmSpace.o)
                              c:/Espressif/Sming/Sming/compiler/lib/\libsming.a(IPAddress.o) (strncpy_P)
out/build/app_app.a(application.o)
                              c:/Espressif/Sming/Sming/compiler/lib/\libsming.a(user_main.o) (init())
out/build/app_app.a(mqtt.o)   out/build/app_app.a(application.o) (setupMQTT())
out/build/app_app.a(radio.o)  out/build/app_app.a(application.o) (receivingData(Payload*))
out/build/app_app.a(sensor.o)
                              out/build/app_app.a(radio.o) (aerosDataProcess(DataSensor*))
c:/Espressif/Sming/Sming/compiler/lib/\libmicroc.a(isspace.o)
                              c:/Espressif/Sming/Sming/compiler/lib/\libsming.a(WString.o) (isspace)
c:/Espressif/Sming/Sming/compiler/lib/\libmicroc.a(tolower.o)
                              c:/Espressif/Sming/Sming/compiler/lib/\libsming.a(WString.o) (tolower)
c:/Espressif/Sming/Sming/compiler/lib/\libmicroc.a(toupper.o)
                              c:/Espressif/Sming/Sming/compiler/lib/\libsming.a(WString.o) (toupper)
c:/Espressif/Sming/Sming/compiler/lib/\libmicroc.a(atof.o)
[...]
Memory Configuration

Name             Origin             Length             Attributes
dport0_0_seg     0x3ff00000         0x00000010
dram0_0_seg      0x3ffe8000         0x00014000
iram1_0_seg      0x40100000         0x00008000
irom0_0_seg      0x4020a000         0x000f6000
*default*        0x00000000         0xffffffff

Linker script and memory map

START GROUP
LOAD c:/Espressif/Sming/Sming/compiler/lib/\libmicroc.a
LOAD c:/Espressif/Sming/Sming/compiler/lib/\libmicrogcc.a
LOAD c:/espressif/xtensa-lx106-elf/bin/../lib/gcc/xtensa-lx106-elf/5.2.0/../../../../xtensa-lx106-elf/lib\libhal.a
LOAD c:/Espressif/ESP8266_SDK/lib\libphy.a
LOAD c:/Espressif/ESP8266_SDK/lib\libpp.a
LOAD c:/Espressif/ESP8266_SDK/lib\libnet80211.a
LOAD c:/Espressif/Sming/Sming/compiler/lib/\liblwip_open.a
LOAD c:/Espressif/ESP8266_SDK/lib\libwpa.a
LOAD c:/Espressif/ESP8266_SDK/lib\libmain.a
LOAD c:/Espressif/Sming/Sming/compiler/lib/\libsming.a
LOAD c:/Espressif/ESP8266_SDK/lib\libcrypto.a
LOAD c:/Espressif/Sming/Sming/compiler/lib/\libpwm_open.a
LOAD c:/Espressif/ESP8266_SDK/lib\libsmartconfig.a
LOAD out/build/app_app.a
END GROUP
                [!provide]                PROVIDE (_memmap_vecbase_reset, 0x40000000)
                0x00000110                _memmap_cacheattr_wb_base = 0x110
                0x00000110                _memmap_cacheattr_wt_base = 0x110
                0x00000220                _memmap_cacheattr_bp_base = 0x220
                0xfffff00f                _memmap_cacheattr_unused_mask = 0xfffff00f
                0x2222211f                _memmap_cacheattr_wb_trapnull = 0x2222211f
                0x2222211f                _memmap_cacheattr_wba_trapnull = 0x2222211f
                0x2222211f                _memmap_cacheattr_wbna_trapnull = 0x2222211f
                0x2222211f                _memmap_cacheattr_wt_trapnull = 0x2222211f
                0x2222222f                _memmap_cacheattr_bp_trapnull = 0x2222222f
                0xfffff11f                _memmap_cacheattr_wb_strict = 0xfffff11f
                0xfffff11f                _memmap_cacheattr_wt_strict = 0xfffff11f
                0xfffff22f                _memmap_cacheattr_bp_strict = 0xfffff22f
                0x22222112                _memmap_cacheattr_wb_allvalid = 0x22222112
                0x22222112                _memmap_cacheattr_wt_allvalid = 0x22222112
                0x22222222                _memmap_cacheattr_bp_allvalid = 0x22222222
                [!provide]                PROVIDE (_memmap_cacheattr_reset, _memmap_cacheattr_wb_trapnull)

.dport0.rodata  0x3ff00000        0x0
                0x3ff00000                _dport0_rodata_start = ABSOLUTE (.)
 *(.dport0.rodata)
 *(.dport.rodata)
                0x3ff00000                _dport0_rodata_end = ABSOLUTE (.)

.dport0.literal
                0x3ff00000        0x0
                0x3ff00000                _dport0_literal_start = ABSOLUTE (.)
 *(.dport0.literal)
 *(.dport.literal)
                0x3ff00000                _dport0_literal_end = ABSOLUTE (.)

.dport0.data    0x3ff00000        0x0
                0x3ff00000                _dport0_data_start = ABSOLUTE (.)
 *(.dport0.data)
 *(.dport.data)
                0x3ff00000                _dport0_data_end = ABSOLUTE (.)

.data           0x3ffe8000      0x3a0
                0x3ffe8000                _data_start = ABSOLUTE (.)
 *(.data)
 .data          0x3ffe8000        0x4 c:/Espressif/ESP8266_SDK/lib\libmain.a(nmi-vector.o)
                0x3ffe8000                _Pri_3_HandlerAddress
 .data          0x3ffe8004        0x1 c:/Espressif/ESP8266_SDK/lib\libmain.a(app_main.o)
 *fill*         0x3ffe8005        0x3 
 .data          0x3ffe8008        0x6 c:/Espressif/ESP8266_SDK/lib\libmain.a(user_interface.o)
                0x3ffe8009                timer2_ms_flag
                0x3ffe800a                dhcps_flag
                0x3ffe800b                dhcpc_flag
                0x3ffe800d                reconnect_internal
 *fill*         0x3ffe800e        0x2 
 .data          0x3ffe8010        0x1 c:/Espressif/ESP8266_SDK/lib\libmain.a(eagle_lwip_if.o)
                0x3ffe8010                default_hostname
 *fill*         0x3ffe8011        0xf 
 .data          0x3ffe8020       0x53 c:/Espressif/ESP8266_SDK/lib\libphy.a(phy_chip_v6.o)
                0x3ffe8022                tx_rf_ana_gain
                0x3ffe8050                rx_gain_swp
                0x3ffe8070                test_rffreq_txcap
 *fill*         0x3ffe8073        0x1 
 .data          0x3ffe8074        0x1 c:/Espressif/ESP8266_SDK/lib\libphy.a(phy_chip_v6_cal.o)
                0x3ffe8074                rfcal_bb_atten_init
 *fill*         0x3ffe8075        0x3 
 .data          0x3ffe8078        0x4 c:/Espressif/ESP8266_SDK/lib\libphy.a(phy_sleep.o)
                0x3ffe8078                chip_version
 .data          0x3ffe807c        0x1 c:/Espressif/ESP8266_SDK/lib\libpp.a(pm.o)
 *fill*         0x3ffe807d        0x3 
 .data          0x3ffe8080        0x1 c:/Espressif/ESP8266_SDK/lib\libpp.a(pm_for_bcn_only_mode.o)
 *fill*         0x3ffe8081        0x3 
 .data          0x3ffe8084       0x1c c:/Espressif/ESP8266_SDK/lib\libpp.a(pp.o)
                0x3ffe8084                soft_wdt_interval
                0x3ffe8088                NoiseTimerInterval
                0x3ffe8090                sleep_start_wait_time
                0x3ffe8098                CanDoFreqCal
                0x3ffe809c                tcb
 .data          0x3ffe80a0       0x40 c:/Espressif/ESP8266_SDK/lib\libpp.a(rate_control.o)
 .data          0x3ffe80e0      0x24c c:/Espressif/ESP8266_SDK/lib\libpp.a(trc.o)
 .data          0x3ffe832c        0x8 c:/Espressif/ESP8266_SDK/lib\libpp.a(wdev.o)
 .data          0x3ffe8334        0x1 c:/Espressif/ESP8266_SDK/lib\libnet80211.a(ieee80211_hostap.o)
                0x3ffe8334                TmpSTAAPCloseAP
 *fill*         0x3ffe8335        0x3 
 .data          0x3ffe8338        0x1 c:/Espressif/ESP8266_SDK/lib\libnet80211.a(wl_cnx.o)
 *fill*         0x3ffe8339        0x7 
 .data          0x3ffe8340       0x1c c:/Espressif/ESP8266_SDK/lib\libnet80211.a(ieee80211_action.o)
 .data          0x3ffe835c        0x4 c:/Espressif/Sming/Sming/compiler/lib/\liblwip_open.a(dhcp.o)
 .data          0x3ffe8360        0x6 c:/Espressif/Sming/Sming/compiler/lib/\liblwip_open.a(tcp.o)
 *fill*         0x3ffe8366        0x2 
 .data          0x3ffe8368        0x5 c:/Espressif/Sming/Sming/compiler/lib/\liblwip_open.a(dhcpserver.o)
                0x3ffe8368                dhcps_lease_time
 *(.data.*)
 *fill*         0x3ffe836d        0x3 
 .data.cbc_printchar
                0x3ffe8370        0x4 c:/Espressif/Sming/Sming/compiler/lib/\libsming.a(m_printf.o)
                0x3ffe8370                cbc_printchar
 .data.state    0x3ffe8374        0xc out/build/app_app.a(application.o)
                0x3ffe8374                state
 .data.dataProcess
                0x3ffe8380       0x10 out/build/app_app.a(radio.o)
                0x3ffe8380                dataProcess
 .data.esp8266_gpioToFn
                0x3ffe8390       0x10 c:/Espressif/Sming/Sming/compiler/lib/\libsming.a(Digital.o)
                0x3ffe8390                esp8266_gpioToFn
 *(.gnu.linkonce.d.*)
 *(.data1)
 *(.sdata)
 *(.sdata.*)
 *(.gnu.linkonce.s.*)
 *(.sdata2)
 *(.sdata2.*)
 *(.gnu.linkonce.s2.*)
 *(.jcr)
                0x3ffe83a0                _data_end = ABSOLUTE (.)

.rodata         0x3ffe83a0     0x1270
                0x3ffe83a0                _rodata_start = ABSOLUTE (.)
 *(.sdk.version)
 .sdk.version   0x3ffe83a0        0xf c:/Espressif/ESP8266_SDK/lib\libmain.a(app_main.o)
                0x3ffe83a0                SDK_VERSION
 *(.rodata)
 *fill*         0x3ffe83af        0x1 
 .rodata        0x3ffe83b0       0x34 c:/Espressif/Sming/Sming/compiler/lib/\libsming.a(gdbstub.o)
 .rodata        0x3ffe83e4        0x8 c:/Espressif/ESP8266_SDK/lib\libphy.a(phy_chip_v6.o)
 .rodata        0x3ffe83ec        0x4 c:/Espressif/ESP8266_SDK/lib\libpp.a(pp.o)
 .rodata        0x3ffe83f0        0x8 c:/Espressif/ESP8266_SDK/lib\libnet80211.a(ieee80211_hostap.o)
 .rodata        0x3ffe83f8        0x9 c:/Espressif/ESP8266_SDK/lib\libnet80211.a(ieee80211_output.o)
 *fill*         0x3ffe8401        0x3 
 .rodata        0x3ffe8404       0x14 c:/Espressif/Sming/Sming/compiler/lib/\liblwip_open.a(pbuf.o)
 .rodata        0x3ffe8418       0x20 c:/Espressif/Sming/Sming/compiler/lib/\liblwip_open.a(tcp.o)
 .rodata        0x3ffe8438        0xc c:/Espressif/Sming/Sming/compiler/lib/\liblwip_open.a(etharp.o)
                0x3ffe8438                ethzero
                0x3ffe843e                ethbroadcast
 .rodata        0x3ffe8444       0x20 c:/Espressif/Sming/Sming/compiler/lib/\liblwip_open.a(tcp_in.o)
 *(.rodata.*)
 .rodata.str1.4
                0x3ffe8464        0xc c:/Espressif/ESP8266_SDK/lib\libmain.a(app_main.o)
 .rodata.str1.4
                0x3ffe8470        0x4 c:/Espressif/ESP8266_SDK/lib\libmain.a(ets_timer.o)
                                  0xc (size before relaxing)
 .rodata.str1.4
                0x3ffe8474       0x1a c:/Espressif/ESP8266_SDK/lib\libmain.a(mem_manager.o)
 .rodata.str1.1
                0x3ffe848e       0xe2 c:/Espressif/Sming/Sming/compiler/lib/\libsming.a(crash_handler.o)
                                0x124 (size before relaxing)
 .rodata.CSWTCH$8
                0x3ffe8570        0xe c:/Espressif/Sming/Sming/compiler/lib/\libsming.a(user_main.o)
 *fill*         0x3ffe857e        0x2 
 .rodata._ZL14EspDigitalPins
                0x3ffe8580       0xc0 c:/Espressif/Sming/Sming/compiler/lib/\libsming.a(user_main.o)
 .rodata._ZTV6VectorI8DelegateIFvvEEE
                0x3ffe8640       0x1c c:/Espressif/Sming/Sming/compiler/lib/\libsming.a(System.o)
                0x3ffe8640                vtable for Vector<Delegate<void ()> >
 .rodata._ZTV6VectorIP19ISystemReadyHandlerE
                0x3ffe865c       0x1c c:/Espressif/Sming/Sming/compiler/lib/\libsming.a(System.o)
                0x3ffe865c                vtable for Vector<ISystemReadyHandler*>
 .rodata.str1.1
                0x3ffe8678      0x157 c:/Espressif/Sming/Sming/compiler/lib/\libsming.a(gdbstub.o)
                                0x19b (size before relaxing)
 .rodata.str1.1
                0x3ffe87cf       0x41 c:/Espressif/Sming/Sming/compiler/lib/\libsming.a(esp_cplusplus.o)
 .rodata.str1.1
                0x3ffe8810        0x7 c:/Espressif/Sming/Sming/compiler/lib/\libsming.a(m_printf.o)
 .rodata.str1.1
                0x3ffe8817       0x21 c:/Espressif/Sming/Sming/compiler/lib/\libsming.a(stringconversion.o)
 .rodata._ZTV9IPAddress
                0x3ffe8838        0xc c:/Espressif/Sming/Sming/compiler/lib/\libsming.a(IPAddress.o)
                0x3ffe8838                vtable for IPAddress
 .rodata.str1.1
                0x3ffe8844      0x110 out/build/app_app.a(application.o)
 .rodata.str1.1
                0x3ffe8954      0x15f out/build/app_app.a(mqtt.o)
                                0x1d4 (size before relaxing)
 *fill*         0x3ffe8ab3        0x1 
 .rodata._ZTV14FunctionCallerIPFvR9TcpClientbEvJS1_bEE
                0x3ffe8ab4       0x14 out/build/app_app.a(mqtt.o)
                0x3ffe8ab4                vtable for FunctionCaller<void (*)(TcpClient&, bool), void, TcpClient&, bool>
 .rodata._ZTV14FunctionCallerIPFv6StringhPhhEvJS0_hS1_hEE
                0x3ffe8ac8       0x14 out/build/app_app.a(mqtt.o)
                0x3ffe8ac8                vtable for FunctionCaller<void (*)(String, unsigned char, unsigned char*, unsigned char), void, String, unsigned char, unsigned char*, unsigned char>
 .rodata._ZTV14FunctionCallerIPFv9IPAddressS0_S0_EvJS0_S0_S0_EE
                0x3ffe8adc       0x14 out/build/app_app.a(mqtt.o)
                0x3ffe8adc                vtable for FunctionCaller<void (*)(IPAddress, IPAddress, IPAddress), void, IPAddress, IPAddress, IPAddress>
 .rodata.str1.1
                0x3ffe8af0       0xb2 out/build/app_app.a(radio.o)
                                0x124 (size before relaxing)
 .rodata.str1.1
                0x3ffe8ba2       0x40 out/build/app_app.a(sensor.o)
                                 0xb2 (size before relaxing)
 .rodata.str1.1
                0x3ffe8be2        0xc c:/Espressif/Sming/Sming/compiler/lib/\libmicroc.a(abort.o)
 *fill*         0x3ffe8bee        0x2 
 .rodata.str1.4
                0x3ffe8bf0        0x4 c:/Espressif/ESP8266_SDK/lib\libpp.a(lmac.o)
                                  0xc (size before relaxing)
 .rodata.str1.4
                0x3ffe8bf4        0x3 c:/Espressif/ESP8266_SDK/lib\libpp.a(pm.o)
                                  0xb (size before relaxing)
 *fill*         0x3ffe8bf7        0x1 
 .rodata.str1.4
                0x3ffe8bf8        0x4 c:/Espressif/ESP8266_SDK/lib\libpp.a(pm_for_bcn_only_mode.o)
                                  0xc (size before relaxing)
 .rodata.str1.4
                0x3ffe8bfc        0x8 c:/Espressif/ESP8266_SDK/lib\libpp.a(pp.o)
                                 0x10 (size before relaxing)
 .rodata.str1.4
                0x3ffe8c04        0x4 c:/Espressif/ESP8266_SDK/lib\libpp.a(wdev.o)
                                  0xc (size before relaxing)
 .rodata.str1.4
                0x3ffe8c08        0x3 c:/Espressif/ESP8266_SDK/lib\libnet80211.a(ieee80211_hostap.o)
                                  0x8 (size before relaxing)
 *fill*         0x3ffe8c0b        0x1 
 .rodata.str1.4
                0x3ffe8c0c        0x7 c:/Espressif/ESP8266_SDK/lib\libnet80211.a(ieee80211_mesh_quick.o)
 .rodata.str1.4
                0x3ffe8c13        0x4 c:/Espressif/ESP8266_SDK/lib\libnet80211.a(ieee80211_sta.o)
 .rodata.str1.4
                0x3ffe8c13        0x4 c:/Espressif/ESP8266_SDK/lib\libnet80211.a(ieee80211_action_vendor.o)
 .rodata.str1.4
                0x3ffe8c13        0x4 c:/Espressif/ESP8266_SDK/lib\libnet80211.a(ieee80211_ie_vendor.o)
 .rodata.str1.1
                0x3ffe8c13        0xe c:/Espressif/Sming/Sming/compiler/lib/\liblwip_open.a(dhcp.o)
                                  0xf (size before relaxing)
 .rodata.str1.1
                0x3ffe8c21        0x1 c:/Espressif/Sming/Sming/compiler/lib/\liblwip_open.a(dns.o)
 .rodata.str1.1
                0x3ffe8c21        0x1 c:/Espressif/Sming/Sming/compiler/lib/\liblwip_open.a(pbuf.o)
 .rodata.str1.1
                0x3ffe8c21        0x1 c:/Espressif/Sming/Sming/compiler/lib/\liblwip_open.a(tcp.o)
 .rodata.str1.1
                0x3ffe8c21        0x1 c:/Espressif/Sming/Sming/compiler/lib/\liblwip_open.a(tcp_out.o)
 .rodata.str1.1
                0x3ffe8c21        0x1 c:/Espressif/Sming/Sming/compiler/lib/\liblwip_open.a(timers.o)
 .rodata.str1.1
                0x3ffe8c21        0x1 c:/Espressif/Sming/Sming/compiler/lib/\liblwip_open.a(udp.o)
 .rodata.str1.1
                0x3ffe8c21        0x1 c:/Espressif/Sming/Sming/compiler/lib/\liblwip_open.a(igmp.o)
 .rodata.str1.1
                0x3ffe8c21       0x11 c:/Espressif/Sming/Sming/compiler/lib/\liblwip_open.a(ip.o)
 .rodata.str1.1
                0x3ffe8c32        0x1 c:/Espressif/Sming/Sming/compiler/lib/\liblwip_open.a(etharp.o)
 .rodata.str1.1
                0x3ffe8c32       0x45 c:/Espressif/Sming/Sming/compiler/lib/\liblwip_open.a(dhcpserver.o)
                                 0x46 (size before relaxing)
 .rodata.str1.1
                0x3ffe8c77        0x1 c:/Espressif/Sming/Sming/compiler/lib/\liblwip_open.a(raw.o)
 .rodata.str1.1
                0x3ffe8c77        0x1 c:/Espressif/Sming/Sming/compiler/lib/\liblwip_open.a(tcp_in.o)
 *fill*         0x3ffe8c77        0x1 
 .rodata.str1.4
                0x3ffe8c78       0x10 c:/Espressif/ESP8266_SDK/lib\libwpa.a(wpa_debug.o)
                                  0xd (size before relaxing)
 .rodata._ZTV14HardwareSerial
                0x3ffe8c88       0x28 c:/Espressif/Sming/Sming/compiler/lib/\libsming.a(HardwareSerial.o)
                0x3ffe8c88                vtable for HardwareSerial
 .rodata.CSWTCH$10
                0x3ffe8cb0       0x21 c:/Espressif/Sming/Sming/compiler/lib/\libsming.a(Interrupts.o)
 *fill*         0x3ffe8cd1        0x3 
 .rodata._ZTV5Timer
                0x3ffe8cd4        0xc c:/Espressif/Sming/Sming/compiler/lib/\libsming.a(Timer.o)
                0x3ffe8cd4                vtable for Timer
 .rodata.str1.1
                0x3ffe8ce0       0x87 c:/Espressif/Sming/Sming/compiler/lib/\libsming.a(MqttClient.o)
                                 0x88 (size before relaxing)
 *fill*         0x3ffe8d67        0x1 
 .rodata._ZTV10MqttClient
                0x3ffe8d68       0x44 c:/Espressif/Sming/Sming/compiler/lib/\libsming.a(MqttClient.o)
                0x3ffe8d68                vtable for MqttClient
 .rodata._ZTV9TcpClient
                0x3ffe8dac       0x44 c:/Espressif/Sming/Sming/compiler/lib/\libsming.a(TcpClient.o)
                0x3ffe8dac                vtable for TcpClient
 .rodata._ZTV13TcpConnection
                0x3ffe8df0       0x38 c:/Espressif/Sming/Sming/compiler/lib/\libsming.a(TcpConnection.o)
                0x3ffe8df0                vtable for TcpConnection
 .rodata._ZTV16AccessPointClass
                0x3ffe8e28       0x14 c:/Espressif/Sming/Sming/compiler/lib/\libsming.a(AccessPoint.o)
                0x3ffe8e28                vtable for AccessPointClass
 .rodata.str1.1
                0x3ffe8e3c       0xf6 c:/Espressif/Sming/Sming/compiler/lib/\libsming.a(Station.o)
                                0x100 (size before relaxing)
 *fill*         0x3ffe8f32        0x2 
 .rodata._ZTV12StationClass
                0x3ffe8f34       0x14 c:/Espressif/Sming/Sming/compiler/lib/\libsming.a(Station.o)
                0x3ffe8f34                vtable for StationClass
 .rodata._ZTV6VectorI7BssInfoE
                0x3ffe8f48       0x1c c:/Espressif/Sming/Sming/compiler/lib/\libsming.a(Station.o)
                0x3ffe8f48                vtable for Vector<BssInfo>
 .rodata._ZTV8WDTClass
                0x3ffe8f64       0x14 c:/Espressif/Sming/Sming/compiler/lib/\libsming.a(WDT.o)
                0x3ffe8f64                vtable for WDTClass
 .rodata._ZN15WifiEventsClass16WifiEventHandlerEP10_esp_event
                0x3ffe8f78       0x20 c:/Espressif/Sming/Sming/compiler/lib/\libsming.a(WifiEvents.o)
 .rodata.str1.1
                0x3ffe8f98      0x2f0 c:/Espressif/Sming/Sming/compiler/lib/\libsming.a(CommandHandler.o)
                                0x2f4 (size before relaxing)
 .rodata.str1.1
                0x3ffe9288      0x12a c:/Espressif/Sming/Sming/compiler/lib/\libsming.a(RF24.o)
                                0x132 (size before relaxing)
 .rodata.str1.1
                0x3ffe93b2        0x6 c:/Espressif/Sming/Sming/compiler/lib/\libsming.a(libemqtt.o)
 .rodata._ZTV16MemoryDataStream
                0x3ffe93b8       0x50 c:/Espressif/Sming/Sming/compiler/lib/\libsming.a(DataSourceStream.o)
                0x3ffe93b8                vtable for MemoryDataStream
 .rodata._ZL14EspDigitalPins
                0x3ffe9408       0xc0 c:/Espressif/Sming/Sming/compiler/lib/\libsming.a(Digital.o)
 .rodata._ZTV8SPIClass
                0x3ffe94c8       0x30 c:/Espressif/Sming/Sming/compiler/lib/\libsming.a(SPI.o)
                0x3ffe94c8                vtable for SPIClass
 .rodata._ZTV7SPIBase
                0x3ffe94f8       0x2c c:/Espressif/Sming/Sming/compiler/lib/\libsming.a(SPIBase.o)
                0x3ffe94f8                vtable for SPIBase
 .rodata._ZTV11SPISettings
                0x3ffe9524       0x10 c:/Espressif/Sming/Sming/compiler/lib/\libsming.a(SPISettings.o)
                0x3ffe9524                vtable for SPISettings
 .rodata._ZTV6VectorI19WebSocketConnectionE
                0x3ffe9534       0x1c c:/Espressif/Sming/Sming/compiler/lib/\libsming.a(WebSocketConnection.o)
                0x3ffe9534                vtable for Vector<WebSocketConnection>
 .rodata.str1.1
                0x3ffe9550        0x1 c:/Espressif/Sming/Sming/compiler/lib/\libsming.a(CommandDelegate.o)
 *(.gnu.linkonce.r.*)
 *(.rodata1)
                0x3ffe9551                __XT_EXCEPTION_TABLE__ = ABSOLUTE (.)
 *(.xt_except_table)
 *(.gcc_except_table)
 *(.gnu.linkonce.e.*)
 *(.gnu.version_r)
 *(.eh_frame)
                0x3ffe9554                . = ((. + 0x3) & 0xfffffffc)
                0x3ffe9554                __dso_handle = ABSOLUTE (.)
                0x3ffe9554                __init_array_start = ABSOLUTE (.)
 *crtbegin.o(.ctors)
 *(EXCLUDE_FILE(*crtend.o) .ctors)
 .ctors         0x3ffe9550        0x4 c:/Espressif/Sming/Sming/compiler/lib/\libsming.a(user_main.o)
 .ctors         0x3ffe9554        0x4 c:/Espressif/Sming/Sming/compiler/lib/\libsming.a(System.o)
 .ctors         0x3ffe9558        0x4 c:/Espressif/Sming/Sming/compiler/lib/\libsming.a(IPAddress.o)
 .ctors         0x3ffe955c        0x4 c:/Espressif/Sming/Sming/compiler/lib/\libsming.a(Print.o)
 .ctors         0x3ffe9560        0x4 c:/Espressif/Sming/Sming/compiler/lib/\libsming.a(WString.o)
 .ctors         0x3ffe9564        0x4 out/build/app_app.a(application.o)
 .ctors         0x3ffe9568        0x4 out/build/app_app.a(mqtt.o)
 .ctors         0x3ffe956c        0x4 out/build/app_app.a(radio.o)
 .ctors         0x3ffe9570        0x4 out/build/app_app.a(sensor.o)
 .ctors         0x3ffe9574        0x4 c:/Espressif/Sming/Sming/compiler/lib/\libsming.a(HardwareSerial.o)
 .ctors         0x3ffe9578        0x4 c:/Espressif/Sming/Sming/compiler/lib/\libsming.a(Interrupts.o)
 .ctors         0x3ffe957c        0x4 c:/Espressif/Sming/Sming/compiler/lib/\libsming.a(MqttClient.o)
 .ctors         0x3ffe9580        0x4 c:/Espressif/Sming/Sming/compiler/lib/\libsming.a(TcpClient.o)
 .ctors         0x3ffe9584        0x4 c:/Espressif/Sming/Sming/compiler/lib/\libsming.a(TcpConnection.o)
 .ctors         0x3ffe9588        0x4 c:/Espressif/Sming/Sming/compiler/lib/\libsming.a(AccessPoint.o)
 .ctors         0x3ffe958c        0x4 c:/Espressif/Sming/Sming/compiler/lib/\libsming.a(Station.o)
 .ctors         0x3ffe9590        0x4 c:/Espressif/Sming/Sming/compiler/lib/\libsming.a(WDT.o)
 .ctors         0x3ffe9594        0x4 c:/Espressif/Sming/Sming/compiler/lib/\libsming.a(WifiEvents.o)
 .ctors         0x3ffe9598        0x4 c:/Espressif/Sming/Sming/compiler/lib/\libsming.a(CommandExecutor.o)
 .ctors         0x3ffe959c        0x4 c:/Espressif/Sming/Sming/compiler/lib/\libsming.a(CommandHandler.o)
 .ctors         0x3ffe95a0        0x4 c:/Espressif/Sming/Sming/compiler/lib/\libsming.a(CommandOutput.o)
 .ctors         0x3ffe95a4        0x4 c:/Espressif/Sming/Sming/compiler/lib/\libsming.a(RF24.o)
 .ctors         0x3ffe95a8        0x4 c:/Espressif/Sming/Sming/compiler/lib/\libsming.a(uart.o)
 .ctors         0x3ffe95ac        0x4 c:/Espressif/Sming/Sming/compiler/lib/\libsming.a(Clock.o)
 .ctors         0x3ffe95b0        0x4 c:/Espressif/Sming/Sming/compiler/lib/\libsming.a(Digital.o)
 .ctors         0x3ffe95b4        0x4 c:/Espressif/Sming/Sming/compiler/lib/\libsming.a(SPI.o)
 .ctors         0x3ffe95b8        0x4 c:/Espressif/Sming/Sming/compiler/lib/\libsming.a(SystemClock.o)
 .ctors         0x3ffe95bc        0x4 c:/Espressif/Sming/Sming/compiler/lib/\libsming.a(WebSocketConnection.o)
 .ctors         0x3ffe95c0        0x4 c:/Espressif/Sming/Sming/compiler/lib/\libsming.a(RTC.o)
 .ctors         0x3ffe95c4        0x4 c:/Espressif/Sming/Sming/compiler/lib/\libsming.a(ArduinoJson.o)
 .ctors         0x3ffe95c8        0x4 c:/Espressif/Sming/Sming/compiler/lib/\libsming.a(CommandDelegate.o)
 .ctors         0x3ffe95cc        0x4 c:/Espressif/Sming/Sming/compiler/lib/\libsming.a(DateTime.o)
 .ctors         0x3ffe95d0        0x4 c:/Espressif/Sming/Sming/compiler/lib/\libsming.a(HttpRequest.o)
 .ctors         0x3ffe95d4        0x4 c:/Espressif/Sming/Sming/compiler/lib/\libsming.a(HttpResponse.o)
 *(SORT(.ctors.*))
 *(.ctors)
                0x3ffe95d8                __init_array_end = ABSOLUTE (.)
 *crtbegin.o(.dtors)
 *(EXCLUDE_FILE(*crtend.o) .dtors)
 .dtors         0x3ffe95d8        0x4 c:/Espressif/Sming/Sming/compiler/lib/\libsming.a(System.o)
 .dtors         0x3ffe95dc        0x4 out/build/app_app.a(application.o)
 .dtors         0x3ffe95e0        0x4 out/build/app_app.a(mqtt.o)
 .dtors         0x3ffe95e4        0x4 out/build/app_app.a(radio.o)
 .dtors         0x3ffe95e8        0x4 out/build/app_app.a(sensor.o)
 .dtors         0x3ffe95ec        0x4 c:/Espressif/Sming/Sming/compiler/lib/\libsming.a(HardwareSerial.o)
 .dtors         0x3ffe95f0        0x4 c:/Espressif/Sming/Sming/compiler/lib/\libsming.a(Interrupts.o)
 .dtors         0x3ffe95f4        0x4 c:/Espressif/Sming/Sming/compiler/lib/\libsming.a(Station.o)
 .dtors         0x3ffe95f8        0x4 c:/Espressif/Sming/Sming/compiler/lib/\libsming.a(WifiEvents.o)
 .dtors         0x3ffe95fc        0x4 c:/Espressif/Sming/Sming/compiler/lib/\libsming.a(CommandHandler.o)
 .dtors         0x3ffe9600        0x4 c:/Espressif/Sming/Sming/compiler/lib/\libsming.a(SPI.o)
 .dtors         0x3ffe9604        0x4 c:/Espressif/Sming/Sming/compiler/lib/\libsming.a(WebSocketConnection.o)
 *(SORT(.dtors.*))
 *(.dtors)
                0x3ffe9608                __XT_EXCEPTION_DESCS__ = ABSOLUTE (.)
 *(.xt_except_desc)
 *(.gnu.linkonce.h.*)
                0x3ffe9608                __XT_EXCEPTION_DESCS_END__ = ABSOLUTE (.)
 *(.xt_except_desc_end)
 *(.dynamic)
 *(.gnu.version_d)
                0x3ffe9608                . = ALIGN (0x4)
                0x3ffe9608                _bss_table_start = ABSOLUTE (.)
                0x3ffe9608        0x4 LONG 0x3ffe9610 _bss_start
                0x3ffe960c        0x4 LONG 0x3ffefec0 _bss_end
                0x3ffe9610                _bss_table_end = ABSOLUTE (.)
                0x3ffe9610                _rodata_end = ABSOLUTE (.)

.bss            0x3ffe9610     0x68b0
                0x3ffe9610                . = ALIGN (0x8)
                0x3ffe9610                _bss_start = ABSOLUTE (.)
 *(.dynsbss)
 *(.sbss)
 *(.sbss.*)
 *(.gnu.linkonce.sb.*)
 *(.scommon)
 *(.sbss2)
 *(.sbss2.*)
 *(.gnu.linkonce.sb2.*)
 *(.dynbss)
 *(.bss)
 .bss           0x3ffe9610      0x1c0 c:/Espressif/ESP8266_SDK/lib\libmain.a(nmi-vector.o)
 .bss           0x3ffe97d0       0x45 c:/Espressif/ESP8266_SDK/lib\libmain.a(app_main.o)
                0x3ffe97d4                info
                0x3ffe97f8                freq_trace_enable
                0x3ffe97fa                lwip_timer_interval
                0x3ffe97fc                check_timeouts_timer
                0x3ffe9810                rf_cal_sec
                0x3ffe9814                user_init_flag
 *fill*         0x3ffe9815        0xb 
 .bss           0x3ffe9820       0x30 c:/Espressif/ESP8266_SDK/lib\libmain.a(ets_timer.o)
                0x3ffe9820                dbg_timer_flag
                0x3ffe9824                timer_list
                0x3ffe9828                debug_timer
                0x3ffe982c                debug_timerfn
 .bss           0x3ffe9850       0x3c c:/Espressif/ESP8266_SDK/lib\libmain.a(mem_manager.o)
 .bss           0x3ffe988c        0x4 c:/Espressif/ESP8266_SDK/lib\libmain.a(spi_flash.o)
                0x3ffe988c                flash_read
 .bss           0x3ffe9890      0x242 c:/Espressif/ESP8266_SDK/lib\libmain.a(user_interface.o)
                0x3ffe9987                deep_sleep_flag
                0x3ffe9988                cpu_overclock
                0x3ffe998c                event_cb
                0x3ffe9990                status_led_output_level
                0x3ffe9994                done_cb
                0x3ffe9998                rst_if
                0x3ffe99b4                default_interface
                0x3ffe99b5                OpmodChgIsOnGoing
                0x3ffe99b8                promiscuous_cb
                0x3ffe99d0                event_TaskQueue
 *fill*         0x3ffe9ad2        0x2 
 .bss           0x3ffe9ad4        0xc c:/Espressif/ESP8266_SDK/lib\libmain.a(eagle_lwip_if.o)
                0x3ffe9ad4                hostname
 .bss           0x3ffe9ae0        0x4 c:/Espressif/ESP8266_SDK/lib\libphy.a(phy.o)
 .bss           0x3ffe9ae4        0x2 c:/Espressif/ESP8266_SDK/lib\libphy.a(phy_chip_v6_ana.o)
                0x3ffe9ae4                tout_dis_txpwr_track
                0x3ffe9ae5                sleep_mode_flag
 *fill*         0x3ffe9ae6        0x2 
 .bss           0x3ffe9ae8      0x153 c:/Espressif/ESP8266_SDK/lib\libphy.a(phy_chip_v6.o)
                0x3ffe9ae8                g_phyFuns
                0x3ffe9aec                rxiq_compute_num
                0x3ffe9af0                rx_table_renew_en
                0x3ffe9af4                check_result
                0x3ffe9af8                chip6_sleep_params
                0x3ffe9b8c                chip6_phy_init_ctrl
                0x3ffe9c00                phy_freq_offset
                0x3ffe9c02                do_pwctrl_flag
                0x3ffe9c03                txbk_dpdby_flag
                0x3ffe9c05                sw_scan_mode
                0x3ffe9c06                rxmax_ext_level
                0x3ffe9c08                phy_rx_gain_dc_table
                0x3ffe9c1c                periodic_cal_flag
                0x3ffe9c1d                bbpll_cal_flag
                0x3ffe9c1e                phy_in_most_power
                0x3ffe9c1f                init_rf_no_cal
                0x3ffe9c20                test_print_time
                0x3ffe9c24                phy_in_vdd33_offset
                0x3ffe9c25                phy_set_most_tpw_disbg
                0x3ffe9c26                phy_set_most_tpw_index
                0x3ffe9c28                adc_rand_noise
                0x3ffe9c2c                phy_rx_gain_dc_flag
                0x3ffe9c2d                dpd_bypass_original
                0x3ffe9c2e                phy_txpwr_diff_flash
                0x3ffe9c30                noise_array
 *fill*         0x3ffe9c3b        0x1 
 .bss           0x3ffe9c3c        0x9 c:/Espressif/ESP8266_SDK/lib\libphy.a(phy_chip_v6_cal.o)
                0x3ffe9c3c                phy_tx_power_out
                0x3ffe9c3e                phy_tx_pwr_error
                0x3ffe9c40                tx_pwctrl_track_num
                0x3ffe9c41                rxiq_cover_fail_num
                0x3ffe9c42                phy_meas_freq_offset
                0x3ffe9c44                tx_pwctrl_pk_num
 *fill*         0x3ffe9c45        0x3 
 .bss           0x3ffe9c48        0x7 c:/Espressif/ESP8266_SDK/lib\libphy.a(phy_sleep.o)
                0x3ffe9c48                periodic_cal_sat
                0x3ffe9c4a                lslp_mem_opt_8266
                0x3ffe9c4c                software_slp_reject
                0x3ffe9c4d                SDIO_slp_reject
                0x3ffe9c4e                hardware_reject
 *fill*         0x3ffe9c4f        0x1 
 .bss           0x3ffe9c50       0x40 c:/Espressif/ESP8266_SDK/lib\libpp.a(if_hwctrl.o)
                0x3ffe9c50                interface_mask
                0x3ffe9c70                if_ctrl
 .bss           0x3ffe9c90      0x150 c:/Espressif/ESP8266_SDK/lib\libpp.a(lmac.o)
                0x3ffe9c94                lmacConfMib
                0x3ffe9cb8                our_tx_eb
 .bss           0x3ffe9de0      0x12a c:/Espressif/ESP8266_SDK/lib\libpp.a(pm.o)
                0x3ffe9de0                pmc
 *fill*         0x3ffe9f0a        0x2 
 .bss           0x3ffe9f0c       0x38 c:/Espressif/ESP8266_SDK/lib\libpp.a(pm_for_bcn_only_mode.o)
 *fill*         0x3ffe9f44        0xc 
 .bss           0x3ffe9f50      0x322 c:/Espressif/ESP8266_SDK/lib\libpp.a(pp.o)
                0x3ffe9f68                pend_flag_noise_check
                0x3ffe9f70                pend_flag_periodic_cal
                0x3ffe9f88                idle_timer_reopen_flag
                0x3ffe9f8a                dbg_stop_sw_wdt
                0x3ffe9f8b                dbg_stop_hw_wdt
                0x3ffe9f8d                total_buffed_eb_num
                0x3ffe9f90                HighestFreqOffsetInOneChk
                0x3ffe9f92                LowestFreqOffsetInOneChk
                0x3ffe9f94                DefFreqCalTimer
                0x3ffe9fa8                PktNumInOneChk
                0x3ffea130                buffed_eb_arr
 *fill*         0x3ffea272        0xe 
 .bss           0x3ffea280      0x100 c:/Espressif/ESP8266_SDK/lib\libpp.a(rate_control.o)
 .bss           0x3ffea380      0x46c c:/Espressif/ESP8266_SDK/lib\libpp.a(trc.o)
 *fill*         0x3ffea7ec        0x4 
 .bss           0x3ffea7f0     0x2f88 c:/Espressif/ESP8266_SDK/lib\libpp.a(wdev.o)
                0x3ffea7f0                wDevCtrl
                0x3ffea998                WdevTimOffSet
 *fill*         0x3ffed778        0x8 
 .bss           0x3ffed780      0xaa4 c:/Espressif/ESP8266_SDK/lib\libpp.a(esf_buf.o)
 .bss           0x3ffee224      0x6a8 c:/Espressif/ESP8266_SDK/lib\libnet80211.a(ieee80211.o)
                0x3ffee224                g_ic
 *fill*         0x3ffee8cc        0x4 
 .bss           0x3ffee8d0       0x54 c:/Espressif/ESP8266_SDK/lib\libnet80211.a(ieee80211_hostap.o)
                0x3ffee8d0                BcnEb_update
                0x3ffee8dd                BcnWithMcastSendStart
                0x3ffee8de                BcnWithMcastSendCnt
                0x3ffee8f8                PendFreeBcnEb
                0x3ffee8fc                ApFreqCalTimer
                0x3ffee910                APRecvBcnStartTick
 .bss           0x3ffee924       0xc8 c:/Espressif/ESP8266_SDK/lib\libnet80211.a(ieee80211_scan.o)
                0x3ffee924                gScanStruct
                0x3ffee9d0                connect_scan_flag
                0x3ffee9d1                FreqCalCntForScan
                0x3ffee9d2                TestStaFreqCalValInput
                0x3ffee9d4                auth_type
                0x3ffee9d6                scannum
 *fill*         0x3ffee9ec        0x4 
 .bss           0x3ffee9f0       0x28 c:/Espressif/ESP8266_SDK/lib\libnet80211.a(ieee80211_sta.o)
 .bss           0x3ffeea18       0x3c c:/Espressif/ESP8266_SDK/lib\libnet80211.a(wl_chm.o)
 *fill*         0x3ffeea54        0x4 
 .bss           0x3ffeea58      0x394 c:/Espressif/ESP8266_SDK/lib\libnet80211.a(wl_cnx.o)
                0x3ffeedb8                sta_con_timer
                0x3ffeedcc                backup_ni_connect_status
                0x3ffeedd0                g_cnx_probe_rc_list_cb
                0x3ffeedd4                reconnect_flag
                0x3ffeedd5                no_ap_found_index
 *fill*         0x3ffeedec        0x4 
 .bss           0x3ffeedf0       0x18 c:/Espressif/ESP8266_SDK/lib\libnet80211.a(ieee80211_action_vendor.o)
 .bss           0x3ffeee08      0x478 c:/Espressif/Sming/Sming/compiler/lib/\liblwip_open.a(dns.o)
 .bss           0x3ffef280        0x1 c:/Espressif/Sming/Sming/compiler/lib/\liblwip_open.a(netif.o)
 .bss           0x3ffef281        0x1 c:/Espressif/Sming/Sming/compiler/lib/\liblwip_open.a(tcp.o)
 *fill*         0x3ffef282        0x2 
 .bss           0x3ffef284        0xc c:/Espressif/Sming/Sming/compiler/lib/\liblwip_open.a(timers.o)
 .bss           0x3ffef290        0xc c:/Espressif/Sming/Sming/compiler/lib/\liblwip_open.a(igmp.o)
 .bss           0x3ffef29c       0x10 c:/Espressif/Sming/Sming/compiler/lib/\liblwip_open.a(ip_addr.o)
 .bss           0x3ffef2ac        0x2 c:/Espressif/Sming/Sming/compiler/lib/\liblwip_open.a(ip.o)
 *fill*         0x3ffef2ae        0x2 
 .bss           0x3ffef2b0       0xc4 c:/Espressif/Sming/Sming/compiler/lib/\liblwip_open.a(etharp.o)
 .bss           0x3ffef374       0x28 c:/Espressif/Sming/Sming/compiler/lib/\liblwip_open.a(dhcpserver.o)
 .bss           0x3ffef39c        0x4 c:/Espressif/Sming/Sming/compiler/lib/\liblwip_open.a(raw.o)
 .bss           0x3ffef3a0       0x2c c:/Espressif/Sming/Sming/compiler/lib/\liblwip_open.a(tcp_in.o)
 *fill*         0x3ffef3cc        0x4 
 .bss           0x3ffef3d0      0x26a c:/Espressif/ESP8266_SDK/lib\libwpa.a(wpa.o)
 *fill*         0x3ffef63a        0x6 
 .bss           0x3ffef640        0x8 c:/Espressif/ESP8266_SDK/lib\libnet80211.a(ieee80211_crypto_tkip.o)
 *(.bss.*)
 .bss._ZL5ESP01
                0x3ffef648       0x30 c:/Espressif/Sming/Sming/compiler/lib/\libsming.a(user_main.o)
 .bss._ZL11INADDR_NONE
                0x3ffef678        0x8 c:/Espressif/Sming/Sming/compiler/lib/\libsming.a(user_main.o)
 .bss.System    0x3ffef680       0x2c c:/Espressif/Sming/Sming/compiler/lib/\libsming.a(System.o)
                0x3ffef680                System
 .bss.cbc_printchar_uart
                0x3ffef6ac        0x4 c:/Espressif/Sming/Sming/compiler/lib/\libsming.a(m_printf.o)
                0x3ffef6ac                cbc_printchar_uart
 .bss._ZL5ESP01
                0x3ffef6b0       0x30 c:/Espressif/Sming/Sming/compiler/lib/\libsming.a(IPAddress.o)
 .bss._ZL11INADDR_NONE
                0x3ffef6e0        0x8 c:/Espressif/Sming/Sming/compiler/lib/\libsming.a(Print.o)
 .bss._ZZN6StringixEjE19dummy_writable_char
                0x3ffef6e8        0x1 c:/Espressif/Sming/Sming/compiler/lib/\libsming.a(WString.o)
 *fill*         0x3ffef6e9        0x3 
 .bss._ZL11INADDR_NONE
                0x3ffef6ec        0x8 c:/Espressif/Sming/Sming/compiler/lib/\libsming.a(WString.o)
 *fill*         0x3ffef6f4        0x4 
 .bss._ZL9procTimer
                0x3ffef6f8       0x30 out/build/app_app.a(application.o)
 .bss.flag_rf   0x3ffef728        0x1 out/build/app_app.a(application.o)
                0x3ffef728                flag_rf
 .bss.payload   0x3ffef729        0xc out/build/app_app.a(application.o)
                0x3ffef729                payload
 *fill*         0x3ffef735        0x3 
 .bss.radio     0x3ffef738       0x10 out/build/app_app.a(application.o)
                0x3ffef738                radio
 .bss.lastCommunication
                0x3ffef748        0x1 out/build/app_app.a(application.o)
                0x3ffef748                lastCommunication
 .bss.card      0x3ffef749        0x4 out/build/app_app.a(application.o)
                0x3ffef749                card
 *fill*         0x3ffef74d        0x3 
 .bss._ZL14sensorType_str
                0x3ffef750       0x70 out/build/app_app.a(application.o)
 .bss._ZL5ESP01
                0x3ffef7c0       0x30 out/build/app_app.a(application.o)
 .bss._ZL11INADDR_NONE
                0x3ffef7f0        0x8 out/build/app_app.a(application.o)
 .bss.valueStorage
                0x3ffef7f8       0x38 out/build/app_app.a(mqtt.o)
                0x3ffef7f8                valueStorage
 .bss._ZL9procTimer
                0x3ffef830       0x30 out/build/app_app.a(mqtt.o)
 .bss.mqtt      0x3ffef860        0x4 out/build/app_app.a(mqtt.o)
                0x3ffef860                mqtt
 .bss._ZL14sensorType_str
                0x3ffef864       0x70 out/build/app_app.a(mqtt.o)
 .bss._ZL5ESP01
                0x3ffef8d4       0x30 out/build/app_app.a(mqtt.o)
 .bss._ZL11INADDR_NONE
                0x3ffef904        0x8 out/build/app_app.a(mqtt.o)
 .bss._ZL14sensorType_str
                0x3ffef90c       0x70 out/build/app_app.a(radio.o)
 .bss._ZL5ESP01
                0x3ffef97c       0x30 out/build/app_app.a(radio.o)
 .bss._ZL11INADDR_NONE
                0x3ffef9ac        0x8 out/build/app_app.a(radio.o)
 .bss._ZL5ESP01
                0x3ffef9b4       0x30 out/build/app_app.a(sensor.o)
 .bss._ZL14sensorType_str
                0x3ffef9e4       0x70 out/build/app_app.a(sensor.o)
 .bss._ZL11INADDR_NONE
                0x3ffefa54        0x8 out/build/app_app.a(sensor.o)
 .bss.Serial    0x3ffefa5c       0x1c c:/Espressif/Sming/Sming/compiler/lib/\libsming.a(HardwareSerial.o)
                0x3ffefa5c                Serial
 .bss._ZN14HardwareSerial4initE
                0x3ffefa78        0x1 c:/Espressif/Sming/Sming/compiler/lib/\libsming.a(HardwareSerial.o)
                0x3ffefa78                HardwareSerial::init
 *fill*         0x3ffefa79        0x3 
 .bss._ZN14HardwareSerial10memberDataE
                0x3ffefa7c       0x10 c:/Espressif/Sming/Sming/compiler/lib/\libsming.a(HardwareSerial.o)
                0x3ffefa7c                HardwareSerial::memberData
 .bss._ZL11INADDR_NONE
                0x3ffefa8c        0x8 c:/Espressif/Sming/Sming/compiler/lib/\libsming.a(HardwareSerial.o)
 .bss._gpioInterruptsInitialied
                0x3ffefa94        0x1 c:/Espressif/Sming/Sming/compiler/lib/\libsming.a(Interrupts.o)
                0x3ffefa94                _gpioInterruptsInitialied
 *fill*         0x3ffefa95        0x3 
 .bss._delegateFunctionList
                0x3ffefa98       0x40 c:/Espressif/Sming/Sming/compiler/lib/\libsming.a(Interrupts.o)
                0x3ffefa98                _delegateFunctionList
 .bss._gpioInterruptsList
                0x3ffefad8       0x40 c:/Espressif/Sming/Sming/compiler/lib/\libsming.a(Interrupts.o)
                0x3ffefad8                _gpioInterruptsList
 .bss._ZL11INADDR_NONE
                0x3ffefb18        0x8 c:/Espressif/Sming/Sming/compiler/lib/\libsming.a(Interrupts.o)
 .bss._ZL5ESP01
                0x3ffefb20       0x30 c:/Espressif/Sming/Sming/compiler/lib/\libsming.a(MqttClient.o)
 .bss._ZL11INADDR_NONE
                0x3ffefb50        0x8 c:/Espressif/Sming/Sming/compiler/lib/\libsming.a(MqttClient.o)
 .bss._ZL11INADDR_NONE
                0x3ffefb58        0x8 c:/Espressif/Sming/Sming/compiler/lib/\libsming.a(TcpClient.o)
 .bss._ZL11INADDR_NONE
                0x3ffefb60        0x8 c:/Espressif/Sming/Sming/compiler/lib/\libsming.a(TcpConnection.o)
 .bss.WifiAccessPoint
                0x3ffefb68        0x8 c:/Espressif/Sming/Sming/compiler/lib/\libsming.a(AccessPoint.o)
                0x3ffefb68                WifiAccessPoint
 .bss._ZL5ESP01
                0x3ffefb70       0x30 c:/Espressif/Sming/Sming/compiler/lib/\libsming.a(AccessPoint.o)
 .bss._ZL11INADDR_NONE
                0x3ffefba0        0x8 c:/Espressif/Sming/Sming/compiler/lib/\libsming.a(AccessPoint.o)
 .bss.WifiStation
                0x3ffefba8       0x24 c:/Espressif/Sming/Sming/compiler/lib/\libsming.a(Station.o)
                0x3ffefba8                WifiStation
 .bss._ZL5ESP01
                0x3ffefbcc       0x30 c:/Espressif/Sming/Sming/compiler/lib/\libsming.a(Station.o)
 .bss._ZL11INADDR_NONE
                0x3ffefbfc        0x8 c:/Espressif/Sming/Sming/compiler/lib/\libsming.a(Station.o)
 .bss.WDT       0x3ffefc04        0x8 c:/Espressif/Sming/Sming/compiler/lib/\libsming.a(WDT.o)
                0x3ffefc04                WDT
 .bss.WifiEvents
                0x3ffefc0c       0x1c c:/Espressif/Sming/Sming/compiler/lib/\libsming.a(WifiEvents.o)
                0x3ffefc0c                WifiEvents
 .bss._ZL11INADDR_NONE
                0x3ffefc28        0x8 c:/Espressif/Sming/Sming/compiler/lib/\libsming.a(WifiEvents.o)
 .bss._ZL11INADDR_NONE
                0x3ffefc30        0x8 c:/Espressif/Sming/Sming/compiler/lib/\libsming.a(CommandExecutor.o)
 .bss.commandHandler
                0x3ffefc38       0x1c c:/Espressif/Sming/Sming/compiler/lib/\libsming.a(CommandHandler.o)
                0x3ffefc38                commandHandler
 .bss._ZL11INADDR_NONE
                0x3ffefc54        0x8 c:/Espressif/Sming/Sming/compiler/lib/\libsming.a(CommandHandler.o)
 .bss._ZL11INADDR_NONE
                0x3ffefc5c        0x8 c:/Espressif/Sming/Sming/compiler/lib/\libsming.a(CommandOutput.o)
 .bss._ZL5ESP01
                0x3ffefc64       0x30 c:/Espressif/Sming/Sming/compiler/lib/\libsming.a(RF24.o)
 .bss._ZL11INADDR_NONE
                0x3ffefc94        0x8 c:/Espressif/Sming/Sming/compiler/lib/\libsming.a(RF24.o)
 .bss._ZL15s_uart_debug_nr
                0x3ffefc9c        0x4 c:/Espressif/Sming/Sming/compiler/lib/\libsming.a(uart.o)
 .bss._ZL5ESP01
                0x3ffefca0       0x30 c:/Espressif/Sming/Sming/compiler/lib/\libsming.a(uart.o)
 .bss._ZL11INADDR_NONE
                0x3ffefcd0        0x8 c:/Espressif/Sming/Sming/compiler/lib/\libsming.a(uart.o)
 .bss._ZL14interruptState
                0x3ffefcd8        0x4 c:/Espressif/Sming/Sming/compiler/lib/\libsming.a(xt_interrupts.o)
 .bss._ZL11INADDR_NONE
                0x3ffefcdc        0x8 c:/Espressif/Sming/Sming/compiler/lib/\libsming.a(Clock.o)
 .bss._ZL11INADDR_NONE
                0x3ffefce4        0x8 c:/Espressif/Sming/Sming/compiler/lib/\libsming.a(Digital.o)
 .bss.SPI       0x3ffefcec       0x2c c:/Espressif/Sming/Sming/compiler/lib/\libsming.a(SPI.o)
                0x3ffefcec                SPI
 .bss._ZL5ESP01
                0x3ffefd18       0x30 c:/Espressif/Sming/Sming/compiler/lib/\libsming.a(SPI.o)
 .bss._ZL11INADDR_NONE
                0x3ffefd48        0x8 c:/Espressif/Sming/Sming/compiler/lib/\libsming.a(SPI.o)
 .bss.SystemClock
                0x3ffefd50       0x18 c:/Espressif/Sming/Sming/compiler/lib/\libsming.a(SystemClock.o)
                0x3ffefd50                SystemClock
 .bss._ZL11INADDR_NONE
                0x3ffefd68        0x8 c:/Espressif/Sming/Sming/compiler/lib/\libsming.a(SystemClock.o)
 .bss._ZN19WebSocketConnection13websocketListE
                0x3ffefd70       0x14 c:/Espressif/Sming/Sming/compiler/lib/\libsming.a(WebSocketConnection.o)
                0x3ffefd70                WebSocketConnection::websocketList
 .bss._ZL11INADDR_NONE
                0x3ffefd84        0x8 c:/Espressif/Sming/Sming/compiler/lib/\libsming.a(WebSocketConnection.o)
 .bss.RTC       0x3ffefd8c        0x1 c:/Espressif/Sming/Sming/compiler/lib/\libsming.a(RTC.o)
                0x3ffefd8c                RTC
 *fill*         0x3ffefd8d        0x3 
 .bss._ZN11ArduinoJson10JsonObject8_invalidE
                0x3ffefd90        0x8 c:/Espressif/Sming/Sming/compiler/lib/\libsming.a(ArduinoJson.o)
                0x3ffefd90                ArduinoJson::JsonObject::_invalid
 .bss._ZN11ArduinoJson9JsonArray8_invalidE
                0x3ffefd98        0x8 c:/Espressif/Sming/Sming/compiler/lib/\libsming.a(ArduinoJson.o)
                0x3ffefd98                ArduinoJson::JsonArray::_invalid
 .bss._ZL11INADDR_NONE
                0x3ffefda0        0x8 c:/Espressif/Sming/Sming/compiler/lib/\libsming.a(CommandDelegate.o)
 .bss._ZL5ESP01
                0x3ffefda8       0x30 c:/Espressif/Sming/Sming/compiler/lib/\libsming.a(DateTime.o)
 .bss._ZL11INADDR_NONE
                0x3ffefdd8        0x8 c:/Espressif/Sming/Sming/compiler/lib/\libsming.a(DateTime.o)
 .bss._ZL11INADDR_NONE
                0x3ffefde0        0x8 c:/Espressif/Sming/Sming/compiler/lib/\libsming.a(HttpRequest.o)
 .bss._ZL11INADDR_NONE
                0x3ffefde8        0x8 c:/Espressif/Sming/Sming/compiler/lib/\libsming.a(HttpResponse.o)
 *(.gnu.linkonce.b.*)
 *(COMMON)
 COMMON         0x3ffefdf0       0x64 c:/Espressif/Sming/Sming/compiler/lib/\libsming.a(gdbstub.o)
                0x3ffefdf0                gdbstub_savedRegs
 COMMON         0x3ffefe54       0x34 c:/Espressif/Sming/Sming/compiler/lib/\liblwip_open.a(dhcp.o)
                0x3ffefe54                dhcp_rx_options_given
                0x3ffefe60                dhcp_rx_options_val
 COMMON         0x3ffefe88        0x8 c:/Espressif/Sming/Sming/compiler/lib/\liblwip_open.a(netif.o)
                0x3ffefe88                netif_list
                0x3ffefe8c                netif_default
 COMMON         0x3ffefe90       0x18 c:/Espressif/Sming/Sming/compiler/lib/\liblwip_open.a(tcp.o)
                0x3ffefe90                tcp_active_pcbs
                0x3ffefe94                tcp_ticks
                0x3ffefe98                tcp_listen_pcbs
                0x3ffefe9c                tcp_tmp_pcb
                0x3ffefea0                tcp_bound_pcbs
                0x3ffefea4                tcp_tw_pcbs
 COMMON         0x3ffefea8        0x4 c:/Espressif/Sming/Sming/compiler/lib/\liblwip_open.a(udp.o)
                0x3ffefea8                udp_pcbs
 COMMON         0x3ffefeac       0x10 c:/Espressif/Sming/Sming/compiler/lib/\liblwip_open.a(ip.o)
                0x3ffefeac                current_iphdr_src
                0x3ffefeb0                current_netif
                0x3ffefeb4                current_iphdr_dest
                0x3ffefeb8                current_header
 COMMON         0x3ffefebc        0x4 c:/Espressif/Sming/Sming/compiler/lib/\liblwip_open.a(tcp_in.o)
                0x3ffefebc                tcp_input_pcb
                0x3ffefec0                . = ALIGN (0x8)
                0x3ffefec0                _bss_end = ABSOLUTE (.)
                0x3ffefec0                _heap_start = ABSOLUTE (.)

.irom0.text     0x4020a000    0x35c8e
                0x4020a000                _irom0_text_start = ABSOLUTE (.)
 *(.irom0.literal .irom.literal .irom.text.literal .irom0.text .irom.text .irom.debug.*)
 .irom0.text    0x4020a000      0xce1 c:/Espressif/ESP8266_SDK/lib\libmain.a(app_main.o)
                                0xf3d (size before relaxing)
                0x4020a2d4                wdt_init
                0x4020a37c                user_uart_wait_tx_fifo_empty
                0x4020a630                user_rf_pre_init
                0x4020a638                system_phy_freq_trace_enable
                0x4020a650                flash_data_check
 *fill*         0x4020ace1        0x3 
 .irom0.text    0x4020ace4      0x186 c:/Espressif/ESP8266_SDK/lib\libmain.a(ets_timer.o)
                                0x1b2 (size before relaxing)
                0x4020acec                ets_timer_done
                0x4020ad38                ets_timer_handler_isr
                0x4020ae08                ets_timer_init
 *fill*         0x4020ae6a        0x2 
 .irom0.text    0x4020ae6c       0xf0 c:/Espressif/ESP8266_SDK/lib\libmain.a(mem_manager.o)
                                 0xf8 (size before relaxing)
                0x4020ae6c                check_memleak_debug_enable
                0x4020aedc                xPortGetFreeHeapSize
                0x4020aee4                vPortInitialiseBlocks
 .irom0.text    0x4020af5c     0x3d2d c:/Espressif/ESP8266_SDK/lib\libmain.a(user_interface.o)
                               0x48dd (size before relaxing)
                0x4020af60                system_set_os_print
                0x4020af70                system_get_os_print
                0x4020b138                system_pp_recycle_rx_pkt
                0x4020b154                system_adc_read
                0x4020b194                system_adc_read_fast
                0x4020b1f4                system_get_vdd33
                0x4020b220                system_restart_hook
                0x4020b238                system_restart_local
                0x4020b318                system_restart
                0x4020b378                system_restore
                0x4020b3e0                system_get_flash_size_map
                0x4020b400                system_get_boot_version
                0x4020b438                system_get_test_result
                0x4020b460                system_get_userbin_addr
                0x4020b4f8                system_get_boot_mode
                0x4020b528                system_restart_enhance
                0x4020b6d4                system_upgrade_userbin_set
                0x4020b720                system_upgrade_userbin_check
                0x4020b760                system_upgrade_flag_set
                0x4020b774                system_upgrade_flag_check
                0x4020b79c                system_upgrade_reboot
                0x4020b8fc                system_deep_sleep_instant
                0x4020ba94                system_deep_sleep
                0x4020baf4                system_deep_sleep_set_option
                0x4020bb10                system_phy_temperature_alert
                0x4020bb24                system_phy_set_max_tpw
                0x4020bb38                system_phy_set_tpw_via_vdd33
                0x4020bb4c                system_phy_set_rfoption
                0x4020bb60                system_phy_set_powerup_option
                0x4020bb78                system_update_cpu_freq
                0x4020bbd4                system_get_cpu_freq
                0x4020bbec                system_overclock
                0x4020bc18                system_restoreclock
                0x4020bc48                system_timer_reinit
                0x4020bc60                system_relative_time
                0x4020bc84                system_station_got_ip_set
                0x4020bdb0                system_print_meminfo
                0x4020be10                system_get_free_heap_size
                0x4020be24                system_get_chip_id
                0x4020be48                system_rtc_clock_cali_proc
                0x4020be5c                system_get_rtc_time
                0x4020be70                system_mktime
                0x4020bf40                system_init_done_cb
                0x4020bf48                system_get_rst_info
                0x4020bf50                system_get_data_of_array_8
                0x4020bf74                system_get_data_of_array_16
                0x4020bf9c                system_get_string_from_flash
                0x4020c008                wifi_softap_dhcps_start
                0x4020c050                wifi_softap_dhcps_stop
                0x4020c090                wifi_softap_dhcps_status
                0x4020c098                wifi_station_dhcpc_start
                0x4020c0f0                wifi_station_dhcpc_stop
                0x4020c130                wifi_station_dhcpc_event
                0x4020c1a4                wifi_station_dhcpc_set_maxtry
                0x4020c1b4                wifi_station_dhcpc_status
                0x4020c234                wifi_get_opmode
                0x4020c248                wifi_get_opmode_default
                0x4020c2c4                wifi_get_broadcast_if
                0x4020c300                wifi_set_broadcast_if
                0x4020c47c                wifi_set_opmode
                0x4020c490                wifi_set_opmode_current
                0x4020c4a4                system_get_checksum
                0x4020c4ec                wifi_param_save_protect_with_check
                0x4020c5ac                system_param_save_with_protect
                0x4020c660                system_save_sys_param
                0x4020c68c                system_param_load
                0x4020c7c8                wifi_station_get_config
                0x4020c7dc                wifi_station_get_config_default
                0x4020c7fc                wifi_station_get_ap_info
                0x4020c8b4                wifi_station_ap_number_set
                0x4020cd6c                wifi_station_set_config
                0x4020cd84                wifi_station_set_config_current
                0x4020cd9c                wifi_station_restore_config
                0x4020cdb4                wifi_station_get_current_ap_id
                0x4020cdc8                wifi_station_ap_check
                0x4020ce18                wifi_station_ap_change
                0x4020cf30                wifi_station_scan
                0x4020cf7c                wifi_station_get_auto_connect
                0x4020cf9c                wifi_station_set_auto_connect
                0x4020d054                wifi_station_save_pmk2cache
                0x4020d184                wifi_station_save_bssid
                0x4020d224                wifi_station_connect
                0x4020d2b8                wifi_station_disconnect
                0x4020d378                wifi_station_get_connect_status
                0x4020d3a8                wifi_station_set_reconnect_policy
                0x4020d3c0                wifi_station_get_reconnect_policy
                0x4020d3c8                wifi_station_get_rssi
                0x4020d418                wifi_station_set_default_hostname
                0x4020d480                wifi_station_get_hostname
                0x4020d4b0                wifi_station_set_hostname
                0x4020d550                wifi_softap_cacl_mac
                0x4020d5c0                wifi_softap_set_default_ssid
                0x4020d7a0                wifi_softap_get_config
                0x4020d7b4                wifi_softap_get_config_default
                0x4020daf0                wifi_softap_set_config
                0x4020db04                wifi_softap_set_config_current
                0x4020db18                wifi_softap_set_station_info
                0x4020db88                wifi_softap_get_station_info
                0x4020dc34                wifi_softap_free_station_info
                0x4020dc74                wifi_softap_get_station_num
                0x4020dcc8                wifi_softap_deauth
                0x4020dd78                wifi_softap_get_beacon_only_mode
                0x4020dd8c                wifi_softap_set_beacon_only_mode
                0x4020ddf0                wifi_register_user_ie_manufacturer_recv_cb
                0x4020de04                wifi_unregister_user_ie_manufacturer_recv_cb
                0x4020de34                wifi_set_user_ie
                0x4020df44                wifi_get_user_ie
                0x4020df78                wifi_get_phy_mode
                0x4020df8c                wifi_set_phy_mode
                0x4020e140                wifi_check_regdomain_param
                0x4020e1c4                wifi_regdomain_need_update
                0x4020e2a0                wifi_set_regdomain
                0x4020e3d8                wifi_get_regdomain
                0x4020e488                wifi_set_sleep_type
                0x4020e4a8                wifi_enable_gpio_wakeup
                0x4020e4d4                wifi_disable_gpio_wakeup
                0x4020e4ec                wifi_get_sleep_type
                0x4020e504                wifi_get_channel
                0x4020e51c                wifi_set_channel
                0x4020e574                wifi_promiscuous_set_mac
                0x4020e5d4                wifi_promiscuous_enable
                0x4020e6b8                wifi_set_promiscuous_rx_cb
                0x4020e6c8                wifi_get_ip_info
                0x4020e748                wifi_set_ip_info
                0x4020e7bc                wifi_get_macaddr
                0x4020e81c                wifi_set_macaddr
                0x4020e938                wifi_enable_6m_rate
                0x4020e940                wifi_get_user_fixed_rate
                0x4020e960                wifi_set_user_fixed_rate
                0x4020e980                wifi_set_user_sup_rate
                0x4020e9bc                wifi_set_user_rate_limit
                0x4020e9e0                wifi_get_user_limit_rate_mask
                0x4020e9e8                wifi_set_user_limit_rate_mask
                0x4020ea00                wifi_register_send_pkt_freedom_cb
                0x4020ea14                wifi_unregister_send_pkt_freedom_cb
                0x4020ea20                wifi_send_pkt_freedom
                0x4020ea6c                wifi_rfid_locp_recv_open
                0x4020ea80                wifi_rfid_locp_recv_close
                0x4020ea94                wifi_register_rfid_locp_recv_cb
                0x4020eaa8                wifi_unregister_rfid_locp_recv_cb
                0x4020eac0                wifi_status_led_install
                0x4020eaf4                wifi_status_led_uninstall
                0x4020eb18                wifi_set_status_led_output_level
                0x4020eb6c                wifi_set_event_handler_cb
                0x4020ebb4                system_os_task
                0x4020ebf0                system_uart_swap
                0x4020ec50                system_uart_de_swap
                0x4020ec84                system_get_sdk_version
 *fill*         0x4020ec89        0x3 
 .irom0.text    0x4020ec8c      0x610 c:/Espressif/ESP8266_SDK/lib\libmain.a(eagle_lib.o)
                                0x620 (size before relaxing)
                0x4020ec90                divide
                0x4020eccc                skip_atoi
                0x4020ee4c                ets_vsnprintf
                0x4020f1ac                ets_vsprintf
                0x4020f1d0                ets_sprintf
                0x4020f1f8                ets_strcat
                0x4020f218                ets_strrchr
                0x4020f244                ets_strchr
                0x4020f25c                bit_popcount
                0x4020f278                ets_snprintf
 .irom0.text    0x4020f29c      0x31e c:/Espressif/ESP8266_SDK/lib\libmain.a(eagle_lwip_if.o)
                                0x3e6 (size before relaxing)
                0x4020f354                eagle_lwip_if_alloc
                0x4020f514                eagle_lwip_if_free
                0x4020f598                eagle_lwip_getif
 *fill*         0x4020f5ba        0x2 
 .irom0.text    0x4020f5bc       0x23 c:/Espressif/Sming/Sming/compiler/lib/\libsming.a(user_main.o)
                                 0x2b (size before relaxing)
                0x4020f5c0                user_rf_cal_sector_set
 *fill*         0x4020f5df        0x1 
 .irom0.literal
                0x4020f5e0        0x0 c:/Espressif/Sming/Sming/compiler/lib/\libmicroc.a(strchr.o)
                                  0x4 (size before relaxing)
 .irom0.literal
                0x4020f5e0        0xc c:/Espressif/Sming/Sming/compiler/lib/\libmicroc.a(strchrnul.o)
 .irom0.literal
                0x4020f5ec        0x4 c:/Espressif/Sming/Sming/compiler/lib/\libmicroc.a(malloc.o)
                                 0x14 (size before relaxing)
 .irom0.literal
                0x4020f5f0        0x4 c:/Espressif/Sming/Sming/compiler/lib/\libmicroc.a(abort.o)
                                  0x8 (size before relaxing)
 .irom0.literal
                0x4020f5f4        0x8 c:/Espressif/Sming/Sming/compiler/lib/\libmicrogcc.a(_divsf3.o)
                                 0x10 (size before relaxing)
 .irom0.text    0x4020f5fc       0x25 c:/Espressif/Sming/Sming/compiler/lib/\libmicroc.a(strchr.o)
                                 0x29 (size before relaxing)
                0x4020f5fc                strchr
 *fill*         0x4020f621        0x3 
 .irom0.text    0x4020f624       0x75 c:/Espressif/Sming/Sming/compiler/lib/\libmicroc.a(strchrnul.o)
                0x4020f624                strchrnul
                0x4020f624                __strchrnul
 *fill*         0x4020f699        0x3 
 .irom0.text    0x4020f69c       0x65 c:/Espressif/Sming/Sming/compiler/lib/\libmicroc.a(malloc.o)
                0x4020f69c                malloc
                0x4020f6b0                free
                0x4020f6c4                realloc
                0x4020f6d8                zalloc
                0x4020f6ec                calloc
 *fill*         0x4020f701        0x3 
 .irom0.text    0x4020f704       0x11 c:/Espressif/Sming/Sming/compiler/lib/\libmicroc.a(abort.o)
                0x4020f704                abort
 *fill*         0x4020f715        0x3 
 .irom0.text    0x4020f718       0xfa c:/Espressif/ESP8266_SDK/lib\libphy.a(phy.o)
                                0x11e (size before relaxing)
                0x4020f71c                rf_init
                0x4020f738                bb_init
                0x4020f750                phy_init
                0x4020f780                RFChannelSel
                0x4020f79c                phy_delete_channel
                0x4020f7b4                phy_enable_agc
                0x4020f7cc                phy_disable_agc
                0x4020f7e4                phy_initialize_bb
                0x4020f7fc                phy_set_sense
 *fill*         0x4020f812        0x2 
 .irom0.text    0x4020f814     0x1777 c:/Espressif/ESP8266_SDK/lib\libphy.a(phy_chip_v6_ana.o)
                               0x197f (size before relaxing)
                0x4020f818                ram_pbus_set_rxgain
                0x4020f8f0                ram_pbus_debugmode
                0x4020f9a4                ram_pbus_xpd_tx_on
                0x4020fa10                set_rf_freq_offset
                0x4020fa80                chip_v6_rxmax_ext_ana
                0x4020fbd4                ram_chip_v6_rx_init
                0x4020fc08                tsen_meas
                0x4020fcb8                readvdd33
                0x4020fe84                txpwr_offset
                0x4020ff40                set_txcap_reg
                0x4020ffc0                ram_ana_inf_gating_en
                0x40210120                ram_restart_cal
                0x4021018c                wait_rfpll_cal_end
                0x40210220                ram_rfpll_set_freq
                0x40210328                ram_set_channel_freq
                0x40210624                chip_60_set_channel
                0x402107c4                chip_v6_set_chan_offset
                0x40210824                chip_v6_set_chan
                0x402108d4                chip_v6_set_chan_wakeup
                0x40210958                chip_v6_rf_init
                0x40210bbc                low_power_set
                0x40210c0c                test_tout
                0x40210d84                check_data_flag
                0x40210da4                phy_get_check_flag
                0x40210ed8                phy_get_vdd33
 *fill*         0x40210f8b        0x1 
 .irom0.text    0x40210f8c     0x3e5c c:/Espressif/ESP8266_SDK/lib\libphy.a(phy_chip_v6.o)
                               0x44fc (size before relaxing)
                0x40210f8c                ram_tx_mac_enable
                0x40210f90                ram_tx_mac_disable
                0x40210f94                rtc_mem_backup
                0x40210fc4                rtc_mem_recovery
                0x40210ff4                set_cal_rxdc
                0x402110a8                set_rx_gain_cal_iq
                0x40211404                gen_rx_gain_table
                0x4021155c                pbus_set_rxbbgain
                0x402115dc                set_rx_gain_testchip_50
                0x40211910                ram_get_corr_power
                0x40211a00                check_data_func
                0x40211a20                do_noisefloor_lsleep_v50
                0x40211a54                do_noisefloor
                0x40211ac4                start_dig_rx
                0x40211b08                stop_dig_rx
                0x40211b34                chip_v6_set_chanfreq
                0x40211b64                tx_cap_init
                0x40211d8c                target_power_add_backoff
                0x40211db8                tx_pwctrl_init_cal
                0x40211f58                tx_atten_set_interp
                0x402121b8                check_tx_pwr_cal
                0x402122fc                tx_pwctrl_init
                0x40212420                ram_get_noisefloor
                0x4021243c                get_noisefloor_sat
                0x4021246c                ram_set_noise_floor
                0x402124c8                ram_start_noisefloor
                0x40212514                read_hw_noisefloor
                0x40212540                noise_check_loop
                0x4021269c                noise_init
                0x4021289c                target_power_backoff
                0x402128f0                sdt_on_noise_start
                0x40212970                chip_v6_set_chan_rx_cmp
                0x40212afc                chip_v6_set_chan_misc
                0x40212b90                phy_dig_spur_set
                0x40212ee8                phy_dig_spur_prot
                0x40213120                chip_v6_rxmax_ext_dig
                0x4021316c                chip_v6_rxmax_ext
                0x4021321c                phy_bb_rx_cfg
                0x40213634                uart_wait_idle
                0x4021366c                phy_pbus_soc_cfg
                0x40213724                phy_gpio_cfg
                0x4021393c                tx_cont_en
                0x402139e4                tx_cont_dis
                0x40213a38                tx_cont_cfg
                0x40213a58                chip_v6_initialize_bb
                0x40213bbc                periodic_cal
                0x40213bf4                bbpll_cal
                0x40213c9c                periodic_cal_top
                0x40213d00                register_chipv6_phy_init_param
                0x40213fa8                change_bbpll160_sleep
                0x40214158                change_bbpll160
                0x40214190                set_crystal_uart
                0x40214224                ant_switch_init
                0x402142d4                reduce_current_init
                0x402143c0                rtc_mem_check
                0x402143fc                phy_afterwake_set_rfoption
                0x40214418                deep_sleep_set_option
                0x40214444                write_data_to_rtc
                0x4021447c                get_data_from_rtc
                0x40214500                register_chipv6_phy
                0x40214998                set_dpd_bypass
                0x402149c0                set_rf_gain_stage10
                0x402149f0                get_vdd33_offset
                0x40214a64                get_phy_target_power
                0x40214b14                set_most_pwr_reg
                0x40214be8                phy_set_most_tpw
                0x40214c08                phy_vdd33_set_tpw
                0x40214c20                get_adc_rand
                0x40214c54                phy_get_rand
                0x40214c70                phy_tx_pwctrl_cali
                0x40214c98                phy_check_data_table
                0x40214cd4                phy_after_init_enrx
                0x40214d38                phy_set_rx11b_reg
                0x40214d6c                phy_set_powerup_option
                0x40214d7c                phy_get_txpwr_param
                0x40214dc8                phy_get_rxnf_param
                0x40214dd4                phy_get_freq_param
 .irom0.text    0x40214de8     0x21a8 c:/Espressif/ESP8266_SDK/lib\libphy.a(phy_chip_v6_cal.o)
                               0x23d4 (size before relaxing)
                0x40214de8                txbbgain2dcoindex
                0x40214e08                dcoindex2txbbgain
                0x40214e2c                init_cal_dcoffset
                0x40214ef0                set_rfanagain_dc_reg
                0x40214f8c                set_txdc_pbus
                0x40214ff8                get_rf_gain_qdb
                0x40215020                correct_rf_ana_gain
                0x40215128                get_sar_dout
                0x402151b8                cal_rf_ana_gain
                0x402152d0                meas_tone_pwr_db
                0x40215340                tx_pwr_backoff
                0x402154f4                get_fcc_1m2m_pwr_offset
                0x40215530                ram_set_txbb_atten
                0x402155c4                txiq_get_mis_pwr
                0x4021566c                txiq_cover
                0x40215888                ram_rfcal_txiq
                0x40215af8                rc_cal
                0x40215cb8                get_target_power_offset
                0x40215dc0                get_pwctrl_correct
                0x40215e18                tx_pwctrl_cal
                0x40216114                tx_pwctrl_bg_init
                0x4021618c                tx_pwctrl_background
                0x40216244                read_sar_dout
                0x402162a8                ram_get_fm_sar_dout
                0x4021634c                ram_cal_tos_v60
                0x4021651c                ram_get_bb_atten
                0x4021654c                ram_rfcal_txcap
                0x40216710                ram_rfcal_pwrctrl
                0x4021694c                ram_rxiq_get_mis
                0x40216b1c                ram_rxiq_cover_mg_mp
                0x40216cc0                ram_rfcal_rxiq
                0x40216ecc                dpd_scale_set
                0x40216f14                dpd_mem_write
 .irom0.text    0x40216f90      0xc8e c:/Espressif/ESP8266_SDK/lib\libphy.a(phy_sleep.o)
                                0xe9a (size before relaxing)
                0x40216f90                pm_usec2rtc
                0x40216fc4                pm_rtc2usec
                0x40216fd4                pm_set_sleep_cycles
                0x40216ffc                pm_sleep_opt
                0x40217150                pm_wakeup_opt
                0x40217188                get_chip_version
                0x402171c8                pm_sleep_opt_bb_off
                0x40217214                pm_sleep_opt_bb_on
                0x40217268                pm_set_pll_xtal_wait_time
                0x40217294                pm_prepare_to_sleep
                0x4021729c                pm_sdio_nidle
                0x40217310                chg_lslp_mem_opt_8266
                0x40217330                pm_wait4wakeup
                0x4021736c                pm_open_rf
                0x402173b0                pm_sleep_set_mac
                0x40217434                pm_set_wakeup_mac
                0x402174cc                pm_check_mac_idle
                0x40217524                pm_set_sleep_btco
                0x402175c4                pm_set_wakeup_btco
                0x402176dc                pm_set_sleep_mode
                0x402177fc                pm_unmask_bt
                0x40217868                pm_wakeup_init
                0x40217ac4                sleep_opt_8266
                0x40217ae4                sleep_opt_bb_on_8266
                0x40217b1c                sleep_reset_analog_rtcreg_8266
 *fill*         0x40217c1e        0x2 
 .irom0.text    0x40217c20      0x48d c:/Espressif/ESP8266_SDK/lib\libpp.a(if_hwctrl.o)
                                0x5bd (size before relaxing)
                0x40217c40                ic_get_addr
                0x40217c4c                ic_set_opmode
                0x40217c60                ic_enable_interface
                0x40217cb0                ic_interface_enabled
                0x40217cc4                ic_disable_interface
                0x40217d0c                ic_is_pure_sta
                0x40217d28                ic_get_ptk_alg
                0x40217d38                ic_get_gtk_alg
                0x40217d48                ic_set_ptk_alg
                0x40217d58                ic_set_gtk_alg
                0x40217d68                ic_interface_is_p2p
                0x40217e00                ic_set_vif
                0x40217ebc                ic_set_sta
                0x40217fbc                ic_bss_info_update
                0x40218018                ic_set_key
                0x40218074                ic_remove_key
                0x40218088                ic_get_rssi
 *fill*         0x402180ad        0x3 
 .irom0.text    0x402180b0      0x100 c:/Espressif/ESP8266_SDK/lib\libpp.a(lmac.o)
                                0x118 (size before relaxing)
                0x402180b4                lmacInitAc
                0x402180e8                lmacInit
                0x40218194                lmacSetRetryLimit
 .irom0.text    0x402181b0     0x1a9d c:/Espressif/ESP8266_SDK/lib\libpp.a(pm.o)
                               0x2045 (size before relaxing)
                0x402181b4                pm_set_gpio_wakeup_pin
                0x402181ec                pm_clear_gpio_wakeup_pin
                0x402181fc                pm_is_gpio_int_trig
                0x40218210                pm_rtc_clock_cali_proc
                0x40218248                pm_get_ck170_period
                0x4021826c                pm_set_sleep_time
                0x402185e0                pm_rf_is_closed
                0x40218610                pm_set_sleep_type_from_upper
                0x40218700                pm_get_sleep_type
                0x402188bc                uart_tx_flush
                0x402188c0                pm_suspend
                0x40218ae4                pm_shutdown
                0x40218bc4                pm_reset_idle_sleep
                0x40218c04                pm_idle_sleep
                0x40218c14                pm_open
                0x40218d18                pm_onBcnRx
                0x402190ac                StopLightSleepSetFunc
                0x402190b4                LightSleepWakedCbSetFunc
                0x40219684                pm_enable_gpio_wakeup
                0x402196c0                pm_attach
                0x402197b8                pm_send_nullfunc
                0x4021995c                pm_is_waked
                0x40219974                pm_is_open
                0x4021998c                pm_scan_lock
                0x402199b4                pm_try_scan_unlock
                0x402199cc                pm_force_scan_unlock
                0x40219a70                pm_scan_unlocked
                0x40219a84                pm_allow_tx
                0x40219aa0                pm_assoc_parse
                0x40219ab8                pm_set_addr
                0x40219ad8                pm_sleep_for
                0x40219b08                pm_post
                0x40219c0c                pm_get_idle_wait_time
 *fill*         0x40219c4d        0x3 
 .irom0.text    0x40219c50      0xb38 c:/Espressif/ESP8266_SDK/lib\libpp.a(pm_for_bcn_only_mode.o)
                                0xee4 (size before relaxing)
                0x40219c64                wifi_fpm_set_sleep_type
                0x40219c64                fpm_set_type_from_upper
                0x40219d20                fpm_get_slp_type
                0x40219d20                wifi_fpm_get_sleep_type
                0x40219d28                fpm_rf_is_closed
                0x40219d3c                fpm_is_open
                0x40219d48                fpm_allow_tx
                0x40219d70                fpm_close
                0x40219d70                wifi_fpm_close
                0x40219e00                wifi_fpm_open
                0x40219e00                fpm_open
                0x40219e84                fpm_attach
                0x4021a034                wifi_fpm_set_wakeup_cb
                0x4021a034                fpm_set_wakeup_cb
                0x4021a170                fpm_do_wakeup
                0x4021a170                wifi_fpm_do_wakeup
                0x4021a6a0                fpm_do_sleep
                0x4021a6a0                wifi_fpm_do_sleep
                0x4021a740                fpm_auto_sleep_set_in_null_mode
                0x4021a740                wifi_fpm_auto_sleep_set_in_null_mode
                0x4021a780                get_fpm_auto_sleep_flag
 .irom0.text    0x4021a788     0x15be c:/Espressif/ESP8266_SDK/lib\libpp.a(pp.o)
                               0x19a2 (size before relaxing)
                0x4021a794                PPWdtReset
                0x4021a7c8                pp_soft_wdt_init
                0x4021a7e8                system_soft_wdt_feed
                0x4021a7e8                pp_soft_wdt_feed
                0x4021a804                system_soft_wdt_stop
                0x4021a804                pp_soft_wdt_stop
                0x4021a830                system_soft_wdt_restart
                0x4021a830                pp_soft_wdt_restart
                0x4021a868                RxNodeNum
                0x4021a880                TxNodeNum
                0x4021a8a4                pp_disable_noise_timer
                0x4021a8c4                pp_enable_noise_timer
                0x4021a9d4                pp_noise_test
                0x4021a9e4                reset_noise_timer
                0x4021aa1c                pp_disable_idle_timer
                0x4021aa40                pp_enable_idle_timer
                0x4021aa68                pp_try_enable_idle_timer
                0x4021aaa4                ppPeocessRxPktHdr
                0x4021add8                HdlAllBuffedEb
                0x4021ae60                ppTxPkt
                0x4021afd8                ppProcessWaitQ
                0x4021afe8                ppRegisterTxCallback
                0x4021b010                ppUnregisterTxCallback
                0x4021b044                ppRecycleRxPkt
                0x4021b0a4                ppCheckTxIdle
                0x4021b320                pp_tx_idle_timeout
                0x4021b4e4                DefFreqCalTimerCB
                0x4021b860                ppGetTxQFirstAvail_Locked
                0x4021b940                pp_attach
 *fill*         0x4021bd46        0x2 
 .irom0.text    0x4021bd48      0x296 c:/Espressif/ESP8266_SDK/lib\libpp.a(rate_control.o)
                                0x2a2 (size before relaxing)
                0x4021bf94                RC_SetBasicRate
 *fill*         0x4021bfde        0x2 
 .irom0.text    0x4021bfe0      0x5e9 c:/Espressif/ESP8266_SDK/lib\libpp.a(trc.o)
                                0x64d (size before relaxing)
                0x4021bfe0                phytype2mode
                0x4021bffc                rc_set_rate_limit_id
                0x4021c118                rcUpdatePhyMode
                0x4021c2e4                rcAttach
                0x4021c330                rcGetTrc
                0x4021c338                trc_onDisconnect
                0x4021c33c                trc_onScanStart
                0x4021c350                trc_onScanDone
                0x4021c36c                rc_enable_trc
                0x4021c444                rc_get_mask
                0x4021c458                rc_disable_trc
                0x4021c4ac                rc_disable_trc_by_interface
                0x4021c4c8                rc_get_sta_trc
                0x4021c50c                rc_get_trc
                0x4021c57c                rc_get_trc_by_index
                0x4021c59c                rc_only_sta_trc
 *fill*         0x4021c5c9        0x3 
 .irom0.text    0x4021c5cc      0xbcb c:/Espressif/ESP8266_SDK/lib\libpp.a(wdev.o)
                                0xd43 (size before relaxing)
                0x4021c5d8                wDev_Option_Init
                0x4021c6cc                wDev_Enable_Beacon_Tsf
                0x4021c6e8                wDev_Disable_Beacon_Tsf
                0x4021c704                wDev_Set_Beacon_Int
                0x4021c70c                wDev_Reset_TBTT
                0x4021c73c                wDev_Get_Next_TBTT
                0x4021c9b8                wDev_Initialize
                0x4021ca28                wDevForceAck6M
                0x4021ca44                wDev_SetMacAddress
                0x4021cae0                wDev_SetRxPolicy
                0x4021cb34                wDev_EnableUcRx
                0x4021cb60                wDev_DisableUcRx
                0x4021cb8c                wDev_SetBssid
                0x4021cc64                wDev_ClearBssid
                0x4021cc98                wDev_Is_Mac_Key_Exist
                0x4021cd24                wDev_Insert_KeyEntry
                0x4021ce14                wDev_remove_KeyEntry
                0x4021ce50                wDev_remove_KeyEntry_all_cnx
                0x4021ce98                wDev_Crypto_Conf
                0x4021cf34                wDev_Crypto_Disable
                0x4021cf6c                wDevEnableRx
                0x4021cf94                wdev_go_sniffer
                0x4021d070                wdev_set_sniffer_addr
                0x4021d0c8                wdev_exit_sniffer
 *fill*         0x4021d197        0x1 
 .irom0.text    0x4021d198      0x3ed c:/Espressif/ESP8266_SDK/lib\libpp.a(esf_buf.o)
                                0x4c1 (size before relaxing)
                0x4021d1a0                esf_buf_alloc
                0x4021d388                esf_buf_recycle
                0x4021d4c8                esf_buf_setup
 *fill*         0x4021d585        0x3 
 .irom0.text    0x4021d588      0x479 c:/Espressif/ESP8266_SDK/lib\libnet80211.a(ieee80211.o)
                                0x545 (size before relaxing)
                0x4021d60c                ieee80211_rate_ref_init
                0x4021d624                ieee80211_freedom_inside_cb
                0x4021d654                ieee80211_freedom_init
                0x4021d678                ieee80211_user_ie_init
                0x4021d694                ieee80211_ifattach
                0x4021d6f8                ieee80211_mhz2ieee
                0x4021d754                ieee80211_chan2ieee
                0x4021d770                ieee80211_ieee2mhz
                0x4021d7b0                ieee80211_find_channel
                0x4021d7dc                ieee80211_find_channel_byieee
                0x4021d82c                wifi_mode_set
 *fill*         0x4021da01        0x3 
 .irom0.text    0x4021da04       0xcf c:/Espressif/ESP8266_SDK/lib\libnet80211.a(ieee80211_crypto.o)
                                 0xd7 (size before relaxing)
                0x4021da04                ieee80211_crypto_attach
                0x4021da08                ieee80211_crypto_available
                0x4021da0c                ieee80211_crypto_setkey
                0x4021da10                ieee80211_crypto_encap
                0x4021da68                ieee80211_crypto_decap
 *fill*         0x4021dad3        0x1 
 .irom0.text    0x4021dad4       0x4c c:/Espressif/ESP8266_SDK/lib\libnet80211.a(ieee80211_ets.o)
                                 0x50 (size before relaxing)
                0x4021dad8                ieee80211_getmgtframe
 .irom0.text    0x4021db20     0x19f8 c:/Espressif/ESP8266_SDK/lib\libnet80211.a(ieee80211_hostap.o)
                               0x1f3b (size before relaxing)
                0x4021e164                ieee80211_hostap_attach
                0x4021e260                hostap_handle_timer
                0x4021e2f8                hostap_input
                0x4021f1f8                wifi_softap_start
                0x4021f37c                wifi_softap_stop
 *fill*         0x4021f518        0x0 
 .irom0.text    0x4021f518      0xa62 c:/Espressif/ESP8266_SDK/lib\libnet80211.a(ieee80211_ht.o)
                                0xb36 (size before relaxing)
                0x4021f528                ieee80211_ht_attach
                0x4021f578                ieee80211_ht_node_init
                0x4021f5b8                ieee80211_ht_node_cleanup
                0x4021f5f0                ieee80211_parse_htcap
                0x4021f6d4                ieee80211_ht_updateparams
                0x4021f7e4                ieee80211_setup_htrates
                0x4021f8b0                ieee80211_setup_basic_htrates
                0x4021fbe8                ieee80211_add_htcap
                0x4021fc04                ieee80211_add_htcap_vendor
                0x4021fd24                ieee80211_add_htinfo
                0x4021fd40                ieee80211_add_htinfo_vendor
 *fill*         0x4021ff7a        0x2 
 .irom0.text    0x4021ff7c      0xae0 c:/Espressif/ESP8266_SDK/lib\libnet80211.a(ieee80211_input.o)
                                0xb70 (size before relaxing)
                0x4021ff7c                ieee80211_deliver_data
                0x4021ffd0                ieee80211_decap
                0x402200d4                ieee80211_setup_rates
                0x40220144                ieee80211_alloc_challenge
                0x40220184                ieee80211_parse_beacon
                0x402207a8                ieee80211_parse_wpa
                0x402208bc                ieee80211_parse_rsn
                0x402209bc                ieee80211_parse_action
                0x40220a58                ieee80211_setup_rateset
 .irom0.text    0x40220a5c      0x2a6 c:/Espressif/ESP8266_SDK/lib\libnet80211.a(ieee80211_mesh_quick.o)
                                0x302 (size before relaxing)
                0x40220a68                ieee80211_mesh_quick_init
                0x40220ad8                ieee80211_mesh_quick_deinit
                0x40220b08                ieee80211_mesh_quick_set
                0x40220c04                ieee80211_mesh_quick_get
                0x40220cd0                ieee80211_mesh_quick_ie_add
 *fill*         0x40220d02        0x2 
 .irom0.text    0x40220d04     0x1e44 c:/Espressif/ESP8266_SDK/lib\libnet80211.a(ieee80211_output.o)
                               0x220c (size before relaxing)
                0x40220d08                ieee80211_output_pbuf
                0x40220f78                ieee80211_send_setup
                0x402210ac                ieee80211_mgmt_output
                0x40221194                ieee80211_tx_mgt_cb
                0x40221198                ieee80211_send_nulldata
                0x40221608                ieee80211_add_rates
                0x40221658                ieee80211_add_xrates
                0x40221788                ieee80211_send_probereq
                0x402219f8                ieee80211_getcapinfo
                0x40221a54                ieee80211_send_mgmt
                0x40222000                ieee80211_alloc_proberesp
                0x40222268                ieee80211_send_proberesp
                0x402223b0                ieee80211_alloc_deauth
                0x402223f0                ieee80211_send_deauth
                0x4022252c                ieee80211_freedom_output
                0x4022296c                ieee80211_beacon_alloc
 .irom0.text    0x40222b48       0xe0 c:/Espressif/ESP8266_SDK/lib\libnet80211.a(ieee80211_phy.o)
                                0x108 (size before relaxing)
                0x40222b48                ieee80211_phy_init
                0x40222b7c                ieee80211_phy_type_get
                0x40222b98                ieee80211_setup_ratetable
 .irom0.text    0x40222c28      0x1b6 c:/Espressif/ESP8266_SDK/lib\libnet80211.a(ieee80211_power.o)
                                0x1f2 (size before relaxing)
                0x40222c28                ieee80211_psq_init
                0x40222c48                ieee80211_psq_cleanup
                0x40222c50                ieee80211_set_tim
                0x40222c90                ieee80211_pwrsave
                0x40222cf8                pwrsave_flushq
                0x40222da8                ieee80211_node_pwrsave
 *fill*         0x40222dde        0x2 
 .irom0.text    0x40222de0      0x121 c:/Espressif/ESP8266_SDK/lib\libnet80211.a(ieee80211_proto.o)
                                0x159 (size before relaxing)
                0x40222de4                ieee80211_proto_attach
                0x40222e0c                ieee80211_set_shortslottime
                0x40222e28                ieee80211_iserp_rateset
                0x40222e5c                ieee80211_wme_initparams
                0x40222e60                ieee80211_wme_updateparams
                0x40222e68                ieee80211_mlme_connect_bss
 *fill*         0x40222f01        0x3 
 .irom0.text    0x40222f04      0x1bc c:/Espressif/ESP8266_SDK/lib\libnet80211.a(ieee80211_regdomain.o)
                                0x1dc (size before relaxing)
                0x40222f04                ieee80211_regdomain_attach
                0x40222f0c                ieee80211_regdomain_detach
                0x40222f34                ieee80211_alloc_countryie
                0x40222fd4                ieee80211_chan_in_regdomain
                0x40223018                ieee80211_update_regdomain
 .irom0.text    0x402230c0       0xaa c:/Espressif/ESP8266_SDK/lib\libnet80211.a(ieee80211_rfid.o)
                                 0xd6 (size before relaxing)
                0x402230c0                ieee80211_rfid_locp_recv_open
                0x402230f8                ieee80211_rfid_locp_recv_close
                0x40223110                ieee80211_rfid_locp_recv_reset
                0x40223130                ieee80211_rfid_locp_recv
                0x4022314c                register_ieee80211_rfid_locp_recv_cb
                0x40223160                unregister_ieee80211_rfid_locp_recv_cb
 *fill*         0x4022316a        0x2 
 .irom0.text    0x4022316c      0xf4d c:/Espressif/ESP8266_SDK/lib\libnet80211.a(ieee80211_scan.o)
                               0x129d (size before relaxing)
                0x40223178                ieee80211_scan_attach
                0x4022320c                scan_start
                0x402233cc                scan_pm_channel_op_cb
                0x4022356c                scan_cancel
                0x402236c8                scan_add_bssid
                0x402236ec                scan_remove_bssid
                0x402236f8                scan_hidden_ssid
                0x40223700                scan_add_probe_ssid
                0x40223754                scan_remove_probe_ssid
                0x40223890                scan_clear_channles
                0x40223904                scan_set_desChan